Component: Arm Compiler for Embedded 6.21 Tool: armlink [5ec1fa00]

==============================================================================

Section Cross References

    startup_stm32g431xx.o(STACK) refers (Special) to heapauxi.o(.text) for __use_two_region_memory
    startup_stm32g431xx.o(HEAP) refers (Special) to heapauxi.o(.text) for __use_two_region_memory
    startup_stm32g431xx.o(RESET) refers (Special) to heapauxi.o(.text) for __use_two_region_memory
    startup_stm32g431xx.o(RESET) refers to startup_stm32g431xx.o(STACK) for __initial_sp
    startup_stm32g431xx.o(RESET) refers to startup_stm32g431xx.o(.text) for Reset_Handler
    startup_stm32g431xx.o(RESET) refers to stm32g4xx_it.o(.text.NMI_Handler) for NMI_Handler
    startup_stm32g431xx.o(RESET) refers to stm32g4xx_it.o(.text.HardFault_Handler) for HardFault_Handler
    startup_stm32g431xx.o(RESET) refers to stm32g4xx_it.o(.text.MemManage_Handler) for MemManage_Handler
    startup_stm32g431xx.o(RESET) refers to stm32g4xx_it.o(.text.BusFault_Handler) for BusFault_Handler
    startup_stm32g431xx.o(RESET) refers to stm32g4xx_it.o(.text.UsageFault_Handler) for UsageFault_Handler
    startup_stm32g431xx.o(RESET) refers to stm32g4xx_it.o(.text.SVC_Handler) for SVC_Handler
    startup_stm32g431xx.o(RESET) refers to stm32g4xx_it.o(.text.DebugMon_Handler) for DebugMon_Handler
    startup_stm32g431xx.o(RESET) refers to stm32g4xx_it.o(.text.PendSV_Handler) for PendSV_Handler
    startup_stm32g431xx.o(RESET) refers to stm32g4xx_it.o(.text.SysTick_Handler) for SysTick_Handler
    startup_stm32g431xx.o(RESET) refers to stm32g4xx_it.o(.text.ADC1_2_IRQHandler) for ADC1_2_IRQHandler
    startup_stm32g431xx.o(RESET) refers to stm32g4xx_it.o(.text.TIM2_IRQHandler) for TIM2_IRQHandler
    startup_stm32g431xx.o(RESET) refers to stm32g4xx_it.o(.text.USART1_IRQHandler) for USART1_IRQHandler
    startup_stm32g431xx.o(RESET) refers to stm32g4xx_it.o(.text.TIM6_DAC_IRQHandler) for TIM6_DAC_IRQHandler
    startup_stm32g431xx.o(.text) refers (Special) to heapauxi.o(.text) for __use_two_region_memory
    startup_stm32g431xx.o(.text) refers to system_stm32g4xx.o(.text.SystemInit) for SystemInit
    startup_stm32g431xx.o(.text) refers to __main.o(!!!main) for __main
    startup_stm32g431xx.o(.text) refers to startup_stm32g431xx.o(HEAP) for Heap_Mem
    startup_stm32g431xx.o(.text) refers to startup_stm32g431xx.o(STACK) for Stack_Mem
    main.o(.text) refers (Special) to _printf_percent.o(.ARM.Collect$$_printf_percent$$00000000) for _printf_percent
    main.o(.text) refers (Special) to _printf_d.o(.ARM.Collect$$_printf_percent$$00000009) for _printf_d
    main.o(.text) refers (Special) to _printf_f.o(.ARM.Collect$$_printf_percent$$00000003) for _printf_f
    main.o(.text) refers (Special) to _printf_dec.o(.text) for _printf_int_dec
    main.o(.text) refers (Special) to printf1.o(x$fpl$printf1) for _printf_fp_dec
    main.o(.text.main) refers (Special) to _printf_percent.o(.ARM.Collect$$_printf_percent$$00000000) for _printf_percent
    main.o(.text.main) refers (Special) to _printf_d.o(.ARM.Collect$$_printf_percent$$00000009) for _printf_d
    main.o(.text.main) refers (Special) to _printf_f.o(.ARM.Collect$$_printf_percent$$00000003) for _printf_f
    main.o(.text.main) refers (Special) to _printf_dec.o(.text) for _printf_int_dec
    main.o(.text.main) refers (Special) to printf1.o(x$fpl$printf1) for _printf_fp_dec
    main.o(.text.main) refers to stm32g4xx_hal.o(.text.HAL_Init) for HAL_Init
    main.o(.text.main) refers to stm32g4xx_hal_pwr_ex.o(.text.HAL_PWREx_ControlVoltageScaling) for HAL_PWREx_ControlVoltageScaling
    main.o(.text.main) refers to stm32g4xx_hal_rcc.o(.text.HAL_RCC_OscConfig) for HAL_RCC_OscConfig
    main.o(.text.main) refers to stm32g4xx_hal_rcc.o(.text.HAL_RCC_ClockConfig) for HAL_RCC_ClockConfig
    main.o(.text.main) refers to gpio.o(.text.MX_GPIO_Init) for MX_GPIO_Init
    main.o(.text.main) refers to adc.o(.text.MX_ADC2_Init) for MX_ADC2_Init
    main.o(.text.main) refers to tim.o(.text.MX_TIM2_Init) for MX_TIM2_Init
    main.o(.text.main) refers to usart.o(.text.MX_USART1_UART_Init) for MX_USART1_UART_Init
    main.o(.text.main) refers to tim.o(.text.MX_TIM6_Init) for MX_TIM6_Init
    main.o(.text.main) refers to led.o(.text.led_init) for led_init
    main.o(.text.main) refers to lcd.o(.text.LCD_Init) for LCD_Init
    main.o(.text.main) refers to lcd.o(.text.LCD_Clear) for LCD_Clear
    main.o(.text.main) refers to lcd.o(.text.LCD_SetBackColor) for LCD_SetBackColor
    main.o(.text.main) refers to lcd.o(.text.LCD_SetTextColor) for LCD_SetTextColor
    main.o(.text.main) refers to adc.o(.bss.hadc2) for hadc2
    main.o(.text.main) refers to stm32g4xx_hal_adc.o(.text.HAL_ADC_Start_IT) for HAL_ADC_Start_IT
    main.o(.text.main) refers to tim.o(.bss.htim2) for htim2
    main.o(.text.main) refers to stm32g4xx_hal_tim.o(.text.HAL_TIM_PWM_Start_IT) for HAL_TIM_PWM_Start_IT
    main.o(.text.main) refers to usart.o(.bss.huart1) for huart1
[...]
    UART_RxISR_16BIT_FIFOEN                  0x080078b1   Thumb Code   786  stm32g4xx_hal_uart.o(.text.UART_RxISR_16BIT_FIFOEN)
    [Anonymous Symbol]                       0x080078b0   Section        0  stm32g4xx_hal_uart.o(.text.UART_RxISR_16BIT_FIFOEN)
    UART_RxISR_8BIT                          0x08007bc5   Thumb Code   428  stm32g4xx_hal_uart.o(.text.UART_RxISR_8BIT)
    [Anonymous Symbol]                       0x08007bc4   Section        0  stm32g4xx_hal_uart.o(.text.UART_RxISR_8BIT)
    UART_RxISR_8BIT_FIFOEN                   0x08007d71   Thumb Code   790  stm32g4xx_hal_uart.o(.text.UART_RxISR_8BIT_FIFOEN)
    [Anonymous Symbol]                       0x08007d70   Section        0  stm32g4xx_hal_uart.o(.text.UART_RxISR_8BIT_FIFOEN)
    [Anonymous Symbol]                       0x08008088   Section        0  stm32g4xx_hal_uart.o(.text.UART_SetConfig)
    [Anonymous Symbol]                       0x0800830c   Section        0  stm32g4xx_hal_uart.o(.text.UART_Start_Receive_IT)
    [Anonymous Symbol]                       0x0800856c   Section        0  stm32g4xx_hal_uart.o(.text.UART_WaitOnFlagUntilTimeout)
    [Anonymous Symbol]                       0x08008858   Section        0  stm32g4xx_it.o(.text.USART1_IRQHandler)
    [Anonymous Symbol]                       0x080088b4   Section        0  stm32g4xx_it.o(.text.UsageFault_Handler)
    [Anonymous Symbol]                       0x080088b8   Section        0  usart.o(.text._sys_exit)
    [Anonymous Symbol]                       0x080088bc   Section        0  usart.o(.text.fputc)
    [Anonymous Symbol]                       0x080088e0   Section        0  adc.o(.text.getADC)
    [Anonymous Symbol]                       0x08008930   Section        0  led.o(.text.led_OFF)
    [Anonymous Symbol]                       0x080089d8   Section        0  led.o(.text.led_ON)
    [Anonymous Symbol]                       0x08008a84   Section        0  led.o(.text.led_init)
    [Anonymous Symbol]                       0x08008b1c   Section        0  main.o(.text.main)
    CL$$btod_d2e                             0x08008dac   Section       62  btod.o(CL$$btod_d2e)
    CL$$btod_d2e_denorm_low                  0x08008dea   Section       70  btod.o(CL$$btod_d2e_denorm_low)
    CL$$btod_d2e_norm_op1                    0x08008e30   Section       96  btod.o(CL$$btod_d2e_norm_op1)
    CL$$btod_div_common                      0x08008e90   Section      824  btod.o(CL$$btod_div_common)
    CL$$btod_e2e                             0x080091c8   Section      220  btod.o(CL$$btod_e2e)
    CL$$btod_ediv                            0x080092a4   Section       42  btod.o(CL$$btod_ediv)
    CL$$btod_emul                            0x080092ce   Section       42  btod.o(CL$$btod_emul)
    CL$$btod_mult_common                     0x080092f8   Section      580  btod.o(CL$$btod_mult_common)
    i.__ARM_fpclassify                       0x0800953c   Section        0  fpclassify.o(i.__ARM_fpclassify)
    i._is_digit                              0x0800956c   Section        0  __printf_wp.o(i._is_digit)
    locale$$code                             0x0800957c   Section       44  lc_numeric_c.o(locale$$code)
    $v0                                      0x080095a8   Number         0  daddsub_clz.o(x$fpl$dadd)
    x$fpl$dadd                               0x080095a8   Section      336  daddsub_clz.o(x$fpl$dadd)
    _dadd1                                   0x080095b9   Thumb Code     0  daddsub_clz.o(x$fpl$dadd)
    $v0                                      0x080096f8   Number         0  dcmpi.o(x$fpl$dcmpinf)
    x$fpl$dcmpinf                            0x080096f8   Section       24  dcmpi.o(x$fpl$dcmpinf)
    $v0                                      0x08009710   Number         0  deqf.o(x$fpl$deqf)
    x$fpl$deqf                               0x08009710   Section      120  deqf.o(x$fpl$deqf)
    $v0                                      0x08009788   Number         0  dflt_clz.o(x$fpl$dfltu)
    x$fpl$dfltu                              0x08009788   Section       38  dflt_clz.o(x$fpl$dfltu)
    $v0                                      0x080097b0   Number         0  dgeqf.o(x$fpl$dgeqf)
    x$fpl$dgeqf                              0x080097b0   Section      120  dgeqf.o(x$fpl$dgeqf)
    $v0                                      0x08009828   Number         0  dleqf.o(x$fpl$dleqf)
    x$fpl$dleqf                              0x08009828   Section      120  dleqf.o(x$fpl$dleqf)
    $v0                                      0x080098a0   Number         0  dmul.o(x$fpl$dmul)
    x$fpl$dmul                               0x080098a0   Section      340  dmul.o(x$fpl$dmul)
    $v0                                      0x080099f4   Number         0  dnaninf.o(x$fpl$dnaninf)
    x$fpl$dnaninf                            0x080099f4   Section      156  dnaninf.o(x$fpl$dnaninf)
    $v0                                      0x08009a90   Number         0  dretinf.o(x$fpl$dretinf)
    x$fpl$dretinf                            0x08009a90   Section       12  dretinf.o(x$fpl$dretinf)
    $v0                                      0x08009a9c   Number         0  daddsub_clz.o(x$fpl$dsub)
    x$fpl$dsub                               0x08009a9c   Section      476  daddsub_clz.o(x$fpl$dsub)
    _dsub1                                   0x08009aad   Thumb Code     0  daddsub_clz.o(x$fpl$dsub)
    $v0                                      0x08009c78   Number         0  dcmp.o(x$fpl$fcmp)
    x$fpl$fcmp                               0x08009c78   Section       84  dcmp.o(x$fpl$fcmp)
    $v0                                      0x08009ccc   Number         0  fpinit.o(x$fpl$fpinit)
    x$fpl$fpinit                             0x08009ccc   Section       26  fpinit.o(x$fpl$fpinit)
    $v0                                      0x08009ce6   Number         0  printf1.o(x$fpl$printf1)
    x$fpl$printf1                            0x08009ce6   Section        4  printf1.o(x$fpl$printf1)
    x$fpl$usenofp                            0x08009cea   Section        0  usenofp.o(x$fpl$usenofp)
    tenpwrs_x                                0x08009cec   Data          60  bigflt0.o(.constdata)
    .constdata                               0x08009cec   Section      148  bigflt0.o(.constdata)
    tenpwrs_i                                0x08009d28   Data          64  bigflt0.o(.constdata)
    .Lswitch.table.HAL_TIM_IC_Start_IT       0x0800af80   Data          16  stm32g4xx_hal_tim.o(.rodata.cst16)
    .Lswitch.table.HAL_TIM_IC_Stop_IT        0x0800af90   Data          16  stm32g4xx_hal_tim.o(.rodata.cst16)
    .Lswitch.table.UART_SetConfig.4          0x0800afa0   Data          16  stm32g4xx_hal_uart.o(.rodata.cst16)
    UARTEx_SetNbDataToProcess.numerator      0x0800afb0   Data           8  stm32g4xx_hal_uart_ex.o(.rodata.cst8)
    [Anonymous Symbol]                       0x0800afb0   Section        0  stm32g4xx_hal_uart_ex.o(.rodata.cst8)
    UARTEx_SetNbDataToProcess.denominator    0x0800afb8   Data           8  stm32g4xx_hal_uart_ex.o(.rodata.cst8)
    .Lstr.8                                  0x0800afc0   Data           6  main.o(.rodata.str1.1)
    [Anonymous Symbol]                       0x0800afc0   Section        0  main.o(.rodata.str1.1)
    .L.str.6                                 0x0800afc6   Data          19  main.o(.rodata.str1.1)
    .L.str.1                                 0x0800afd9   Data          19  main.o(.rodata.str1.1)
    .L.str.2                                 0x0800afec   Data          18  main.o(.rodata.str1.1)
    locale$$data                             0x0800b020   Section       28  lc_numeric_c.o(locale$$data)
    __lcnum_c_name                           0x0800b024   Data           2  lc_numeric_c.o(locale$$data)
    __lcnum_c_start                          0x0800b02c   Data           0  lc_numeric_c.o(locale$$data)
    __lcnum_c_point                          0x0800b038   Data           0  lc_numeric_c.o(locale$$data)
    __lcnum_c_thousands                      0x0800b03a   Data           0  lc_numeric_c.o(locale$$data)
    __lcnum_c_grouping                       0x0800b03b   Data           0  lc_numeric_c.o(locale$$data)
    __lcnum_c_end                            0x0800b03c   Data           0  lc_numeric_c.o(locale$$data)
    BackColor                                0x20000000   Data           2  lcd.o(.data.BackColor)
    [Anonymous Symbol]                       0x20000000   Section        0  lcd.o(.data.BackColor)
    .bss                                     0x20000018   Section       96  libspace.o(.bss)
    TextColor                                0x20000078   Data           2  lcd.o(.bss.TextColor)
    [Anonymous Symbol]                       0x20000078   Section        0  lcd.o(.bss.TextColor)
    Heap_Mem                                 0x200003a8   Data         512  startup_stm32g431xx.o(HEAP)
    HEAP                                     0x200003a8   Section      512  startup_stm32g431xx.o(HEAP)
    Stack_Mem                                0x200005a8   Data        1024  startup_stm32g431xx.o(STACK)
    STACK                                    0x200005a8   Section     1024  startup_stm32g431xx.o(STACK)
    __initial_sp                             0x200009a8   Data           0  startup_stm32g431xx.o(STACK)

    Global Symbols

    Symbol Name                              Value     Ov Type        Size  Object(Section)

    BuildAttributes$$THM_ISAv4$E$P$D$K$B$S$7EM$VFPi3$EXTD16$VFPS$VFMA$PE$A:L22UL41UL21$X:L11$S22US41US21$IEEE1$IW$~IW$USESV6$~STKCKD$USESV7$~SHL$OTIME$ROPI$IEEEJ$EBA8$UX$STANDARDLIB$REQ8$PRES8$EABIv2 0x00000000   Number         0  anon$$obj.o ABSOLUTE
    _printf_flags                            0x00000000   Number         0  printf_stubs.o ABSOLUTE
    _printf_return_value                     0x00000000   Number         0  printf_stubs.o ABSOLUTE
    _printf_sizespec                         0x00000000   Number         0  printf_stubs.o ABSOLUTE
    _printf_widthprec                        0x00000000   Number         0  printf_stubs.o ABSOLUTE
    __ARM_exceptions_init                     - Undefined Weak Reference
    __alloca_initialize                       - Undefined Weak Reference
    __arm_preinit_                            - Undefined Weak Reference
    __arm_relocate_pie_                       - Undefined Weak Reference
    __cpp_initialize__aeabi_                  - Undefined Weak Reference
    __cxa_finalize                            - Undefined Weak Reference
    __sigvec_lookup                           - Undefined Weak Reference
    _atexit_init                              - Undefined Weak Reference
    _call_atexit_fns                          - Undefined Weak Reference
    _clock_init                               - Undefined Weak Reference
    _fp_trap_init                             - Undefined Weak Reference
    _fp_trap_shutdown                         - Undefined Weak Reference
    _get_lc_collate                           - Undefined Weak Reference
    _get_lc_ctype                             - Undefined Weak Reference
    _get_lc_monetary                          - Undefined Weak Reference
    _get_lc_time                              - Undefined Weak Reference
    _getenv_init                              - Undefined Weak Reference
    _handle_redirection                       - Undefined Weak Reference
    _init_alloc                               - Undefined Weak Reference
    _init_user_alloc                          - Undefined Weak Reference
    _initio                                   - Undefined Weak Reference
    _printf_post_padding                      - Undefined Weak Reference
    _printf_pre_padding                       - Undefined Weak Reference
    _printf_truncate_signed                   - Undefined Weak Reference
    _printf_truncate_unsigned                 - Undefined Weak Reference
    _rand_init                                - Undefined Weak Reference
    _signal_finish                            - Undefined Weak Reference
    _signal_init                              - Undefined Weak Reference
    _terminate_alloc                          - Undefined Weak Reference
    _terminate_user_alloc                     - Undefined Weak Reference
    _terminateio                              - Undefined Weak Reference
    __Vectors_Size                           0x000001d8   Number         0  startup_stm32g431xx.o ABSOLUTE
    __Vectors                                0x08000000   Data           4  startup_stm32g431xx.o(RESET)
    __Vectors_End                            0x080001d8   Data           0  startup_stm32g431xx.o(RESET)
    __main                                   0x080001d9   Thumb Code     8  __main.o(!!!main)
    __scatterload                            0x080001e1   Thumb Code     0  __scatter.o(!!!scatter)
    __scatterload_rt2                        0x080001e1   Thumb Code    84  __scatter.o(!!!scatter)
    __scatterload_rt2_thumb_only             0x080001e1   Thumb Code     0  __scatter.o(!!!scatter)
    __scatterload_loop                       0x080001eb   Thumb Code     0  __scatter.o(!!!scatter)
    __scatterload_copy                       0x0800023d   Thumb Code    26  __scatter_copy.o(!!handler_copy)
    __scatterload_null                       0x08000259   Thumb Code     2  __scatter.o(!!handler_null)
    __scatterload_zeroinit                   0x0800025d   Thumb Code    28  __scatter_zi.o(!!handler_zi)
    _printf_f                                0x08000279   Thumb Code     0  _printf_f.o(.ARM.Collect$$_printf_percent$$00000003)
    _printf_percent                          0x08000279   Thumb Code     0  _printf_percent.o(.ARM.Collect$$_printf_percent$$00000000)
    _printf_d                                0x0800027f   Thumb Code     0  _printf_d.o(.ARM.Collect$$_printf_percent$$00000009)
    _printf_percent_end                      0x08000285   Thumb Code     0  _printf_percent_end.o(.ARM.Collect$$_printf_percent$$00000017)
    __rt_lib_init                            0x08000289   Thumb Code     0  libinit.o(.ARM.Collect$$libinit$$00000000)
    __rt_lib_init_fp_1                       0x0800028b   Thumb Code     0  libinit2.o(.ARM.Collect$$libinit$$00000001)
    __rt_lib_init_heap_1                     0x0800028f   Thumb Code     0  libinit2.o(.ARM.Collect$$libinit$$0000000C)
    __rt_lib_init_lc_common                  0x0800028f   Thumb Code     0  libinit2.o(.ARM.Collect$$libinit$$00000011)
    __rt_lib_init_preinit_1                  0x0800028f   Thumb Code     0  libinit2.o(.ARM.Collect$$libinit$$00000006)
    __rt_lib_init_rand_1                     0x0800028f   Thumb Code     0  libinit2.o(.ARM.Collect$$libinit$$00000010)
    __rt_lib_init_relocate_pie_1             0x0800028f   Thumb Code     0  libinit2.o(.ARM.Collect$$libinit$$00000004)
    __rt_lib_init_user_alloc_1               0x0800028f   Thumb Code     0  libinit2.o(.ARM.Collect$$libinit$$0000000E)
    __rt_lib_init_lc_collate_1               0x08000295   Thumb Code     0  libinit2.o(.ARM.Collect$$libinit$$00000013)
    __rt_lib_init_lc_ctype_1                 0x08000295   Thumb Code     0  libinit2.o(.ARM.Collect$$libinit$$00000015)
    __rt_lib_init_lc_monetary_1              0x08000295   Thumb Code     0  libinit2.o(.ARM.Collect$$libinit$$00000017)
    __rt_lib_init_lc_numeric_2               0x08000295   Thumb Code     0  libinit2.o(.ARM.Collect$$libinit$$00000018)
    __rt_lib_init_alloca_1                   0x0800029f   Thumb Code     0  libinit2.o(.ARM.Collect$$libinit$$00000030)
    __rt_lib_init_argv_1                     0x0800029f   Thumb Code     0  libinit2.o(.ARM.Collect$$libinit$$0000002E)
    __rt_lib_init_atexit_1                   0x0800029f   Thumb Code     0  libinit2.o(.ARM.Collect$$libinit$$0000001D)
    __rt_lib_init_clock_1                    0x0800029f   Thumb Code     0  libinit2.o(.ARM.Collect$$libinit$$00000023)
    __rt_lib_init_cpp_1                      0x0800029f   Thumb Code     0  libinit2.o(.ARM.Collect$$libinit$$00000034)
    __rt_lib_init_exceptions_1               0x0800029f   Thumb Code     0  libinit2.o(.ARM.Collect$$libinit$$00000032)
    __rt_lib_init_fp_trap_1                  0x0800029f   Thumb Code     0  libinit2.o(.ARM.Collect$$libinit$$00000021)
    __rt_lib_init_getenv_1                   0x0800029f   Thumb Code     0  libinit2.o(.ARM.Collect$$libinit$$00000025)
    __rt_lib_init_lc_numeric_1               0x0800029f   Thumb Code     0  libinit2.o(.ARM.Collect$$libinit$$00000019)
    __rt_lib_init_lc_time_1                  0x0800029f   Thumb Code     0  libinit2.o(.ARM.Collect$$libinit$$0000001B)
    __rt_lib_init_return                     0x0800029f   Thumb Code     0  libinit2.o(.ARM.Collect$$libinit$$00000035)
    __rt_lib_init_signal_1                   0x0800029f   Thumb Code     0  libinit2.o(.ARM.Collect$$libinit$$0000001F)
    __rt_lib_init_stdio_1                    0x0800029f   Thumb Code     0  libinit2.o(.ARM.Collect$$libinit$$00000027)
    __rt_lib_shutdown                        0x080002a1   Thumb Code     0  libshutdown.o(.ARM.Collect$$libshutdown$$00000000)
    __rt_lib_shutdown_cpp_1                  0x080002a3   Thumb Code     0  libshutdown2.o(.ARM.Collect$$libshutdown$$00000002)
    __rt_lib_shutdown_fp_trap_1              0x080002a3   Thumb Code     0  libshutdown2.o(.ARM.Collect$$libshutdown$$00000007)
    __rt_lib_shutdown_heap_1                 0x080002a3   Thumb Code     0  libshutdown2.o(.ARM.Collect$$libshutdown$$0000000F)
    __rt_lib_shutdown_return                 0x080002a3   Thumb Code     0  libshutdown2.o(.ARM.Collect$$libshutdown$$00000010)
    __rt_lib_shutdown_signal_1               0x080002a3   Thumb Code     0  libshutdown2.o(.ARM.Collect$$libshutdown$$0000000A)
    __rt_lib_shutdown_stdio_1                0x080002a3   Thumb Code     0  libshutdown2.o(.ARM.Collect$$libshutdown$$00000004)
    __rt_lib_shutdown_user_alloc_1           0x080002a3   Thumb Code     0  libshutdown2.o(.ARM.Collect$$libshutdown$$0000000C)
    __rt_entry                               0x080002a5   Thumb Code     0  __rtentry.o(.ARM.Collect$$rtentry$$00000000)
    __rt_entry_presh_1                       0x080002a5   Thumb Code     0  __rtentry2.o(.ARM.Collect$$rtentry$$00000002)
    __rt_entry_sh                            0x080002a5   Thumb Code     0  __rtentry4.o(.ARM.Collect$$rtentry$$00000004)
    __rt_entry_li                            0x080002ab   Thumb Code     0  __rtentry2.o(.ARM.Collect$$rtentry$$0000000A)
    __rt_entry_postsh_1                      0x080002ab   Thumb Code     0  __rtentry2.o(.ARM.Collect$$rtentry$$00000009)
    __rt_entry_main                          0x080002af   Thumb Code     0  __rtentry2.o(.ARM.Collect$$rtentry$$0000000D)
    __rt_entry_postli_1                      0x080002af   Thumb Code     0  __rtentry2.o(.ARM.Collect$$rtentry$$0000000C)
    __rt_exit                                0x080002b7   Thumb Code     0  rtexit.o(.ARM.Collect$$rtexit$$00000000)
    __rt_exit_ls                             0x080002b9   Thumb Code     0  rtexit2.o(.ARM.Collect$$rtexit$$00000003)
    __rt_exit_prels_1                        0x080002b9   Thumb Code     0  rtexit2.o(.ARM.Collect$$rtexit$$00000002)
    __rt_exit_exit                           0x080002bd   Thumb Code     0  rtexit2.o(.ARM.Collect$$rtexit$$00000004)
    Reset_Handler                            0x080002c5   Thumb Code     8  startup_stm32g431xx.o(.text)
    COMP1_2_3_IRQHandler                     0x080002df   Thumb Code     0  startup_stm32g431xx.o(.text)
    COMP4_IRQHandler                         0x080002df   Thumb Code     0  startup_stm32g431xx.o(.text)
    CORDIC_IRQHandler                        0x080002df   Thumb Code     0  startup_stm32g431xx.o(.text)
    CRS_IRQHandler                           0x080002df   Thumb Code     0  startup_stm32g431xx.o(.text)
    DMA1_Channel1_IRQHandler                 0x080002df   Thumb Code     0  startup_stm32g431xx.o(.text)
    DMA1_Channel2_IRQHandler                 0x080002df   Thumb Code     0  startup_stm32g431xx.o(.text)
    DMA1_Channel3_IRQHandler                 0x080002df   Thumb Code     0  startup_stm32g431xx.o(.text)
    DMA1_Channel4_IRQHandler                 0x080002df   Thumb Code     0  startup_stm32g431xx.o(.text)
    DMA1_Channel5_IRQHandler                 0x080002df   Thumb Code     0  startup_stm32g431xx.o(.text)
    DMA1_Channel6_IRQHandler                 0x080002df   Thumb Code     0  startup_stm32g431xx.o(.text)
    DMA2_Channel1_IRQHandler                 0x080002df   Thumb Code     0  startup_stm32g431xx.o(.text)
    DMA2_Channel2_IRQHandler                 0x080002df   Thumb Code     0  startup_stm32g431xx.o(.text)
    DMA2_Channel3_IRQHandler                 0x080002df   Thumb Code     0  startup_stm32g431xx.o(.text)
    DMA2_Channel4_IRQHandler                 0x080002df   Thumb Code     0  startup_stm32g431xx.o(.text)
    DMA2_Channel5_IRQHandler                 0x080002df   Thumb Code     0  startup_stm32g431xx.o(.text)
    DMA2_Channel6_IRQHandler                 0x080002df   Thumb Code     0  startup_stm32g431xx.o(.text)
    DMAMUX_OVR_IRQHandler                    0x080002df   Thumb Code     0  startup_stm32g431xx.o(.text)
    EXTI0_IRQHandler                         0x080002df   Thumb Code     0  startup_stm32g431xx.o(.text)
    EXTI15_10_IRQHandler                     0x080002df   Thumb Code     0  startup_stm32g431xx.o(.text)
    EXTI1_IRQHandler                         0x080002df   Thumb Code     0  startup_stm32g431xx.o(.text)
    EXTI2_IRQHandler                         0x080002df   Thumb Code     0  startup_stm32g431xx.o(.text)
    EXTI3_IRQHandler                         0x080002df   Thumb Code     0  startup_stm32g431xx.o(.text)
    EXTI4_IRQHandler                         0x080002df   Thumb Code     0  startup_stm32g431xx.o(.text)
    EXTI9_5_IRQHandler                       0x080002df   Thumb Code     0  startup_stm32g431xx.o(.text)
    FDCAN1_IT0_IRQHandler                    0x080002df   Thumb Code     0  startup_stm32g431xx.o(.text)
    FDCAN1_IT1_IRQHandler                    0x080002df   Thumb Code     0  startup_stm32g431xx.o(.text)
    FLASH_IRQHandler                         0x080002df   Thumb Code     0  startup_stm32g431xx.o(.text)
    FMAC_IRQHandler                          0x080002df   Thumb Code     0  startup_stm32g431xx.o(.text)
    FPU_IRQHandler                           0x080002df   Thumb Code     0  startup_stm32g431xx.o(.text)
    I2C1_ER_IRQHandler                       0x080002df   Thumb Code     0  startup_stm32g431xx.o(.text)
    I2C1_EV_IRQHandler                       0x080002df   Thumb Code     0  startup_stm32g431xx.o(.text)
    I2C2_ER_IRQHandler                       0x080002df   Thumb Code     0  startup_stm32g431xx.o(.text)
    I2C2_EV_IRQHandler                       0x080002df   Thumb Code     0  startup_stm32g431xx.o(.text)
    I2C3_ER_IRQHandler                       0x080002df   Thumb Code     0  startup_stm32g431xx.o(.text)
    I2C3_EV_IRQHandler                       0x080002df   Thumb Code     0  startup_stm32g431xx.o(.text)
    LPTIM1_IRQHandler                        0x080002df   Thumb Code     0  startup_stm32g431xx.o(.text)
    LPUART1_IRQHandler                       0x080002df   Thumb Code     0  startup_stm32g431xx.o(.text)
    PVD_PVM_IRQHandler                       0x080002df   Thumb Code     0  startup_stm32g431xx.o(.text)
    RCC_IRQHandler                           0x080002df   Thumb Code     0  startup_stm32g431xx.o(.text)
    RNG_IRQHandler                           0x080002df   Thumb Code     0  startup_stm32g431xx.o(.text)
    RTC_Alarm_IRQHandler                     0x080002df   Thumb Code     0  startup_stm32g431xx.o(.text)
    RTC_TAMP_LSECSS_IRQHandler               0x080002df   Thumb Code     0  startup_stm32g431xx.o(.text)
    RTC_WKUP_IRQHandler                      0x080002df   Thumb Code     0  startup_stm32g431xx.o(.text)
    SAI1_IRQHandler                          0x080002df   Thumb Code     0  startup_stm32g431xx.o(.text)
    SPI1_IRQHandler                          0x080002df   Thumb Code     0  startup_stm32g431xx.o(.text)
    SPI2_IRQHandler                          0x080002df   Thumb Code     0  startup_stm32g431xx.o(.text)
    SPI3_IRQHandler                          0x080002df   Thumb Code     0  startup_stm32g431xx.o(.text)
    TIM1_BRK_TIM15_IRQHandler                0x080002df   Thumb Code     0  startup_stm32g431xx.o(.text)
    TIM1_CC_IRQHandler                       0x080002df   Thumb Code     0  startup_stm32g431xx.o(.text)
    TIM1_TRG_COM_TIM17_IRQHandler            0x080002df   Thumb Code     0  startup_stm32g431xx.o(.text)
    TIM1_UP_TIM16_IRQHandler                 0x080002df   Thumb Code     0  startup_stm32g431xx.o(.text)
    TIM3_IRQHandler                          0x080002df   Thumb Code     0  startup_stm32g431xx.o(.text)
    TIM4_IRQHandler                          0x080002df   Thumb Code     0  startup_stm32g431xx.o(.text)
    TIM7_IRQHandler                          0x080002df   Thumb Code     0  startup_stm32g431xx.o(.text)
    TIM8_BRK_IRQHandler                      0x080002df   Thumb Code     0  startup_stm32g431xx.o(.text)
    TIM8_CC_IRQHandler                       0x080002df   Thumb Code     0  startup_stm32g431xx.o(.text)
    TIM8_TRG_COM_IRQHandler                  0x080002df   Thumb Code     0  startup_stm32g431xx.o(.text)
    TIM8_UP_IRQHandler                       0x080002df   Thumb Code     0  startup_stm32g431xx.o(.text)
    UART4_IRQHandler                         0x080002df   Thumb Code     0  startup_stm32g431xx.o(.text)
    UCPD1_IRQHandler                         0x080002df   Thumb Code     0  startup_stm32g431xx.o(.text)
    USART2_IRQHandler                        0x080002df   Thumb Code     0  startup_stm32g431xx.o(.text)
    USART3_IRQHandler                        0x080002df   Thumb Code     0  startup_stm32g431xx.o(.text)
    USBWakeUp_IRQHandler                     0x080002df   Thumb Code     0  startup_stm32g431xx.o(.text)
    USB_HP_IRQHandler                        0x080002df   Thumb Code     0  startup_stm32g431xx.o(.text)
    USB_LP_IRQHandler                        0x080002df   Thumb Code     0  startup_stm32g431xx.o(.text)
    WWDG_IRQHandler                          0x080002df   Thumb Code     0  startup_stm32g431xx.o(.text)
    __user_initial_stackheap                 0x080002e1   Thumb Code     0  startup_stm32g431xx.o(.text)
    __aeabi_uldivmod                         0x08000305   Thumb Code     0  lludivv7m.o(.text)
    _ll_udiv                                 0x08000305   Thumb Code   240  lludivv7m.o(.text)
    __2sprintf                               0x080003f5   Thumb Code    34  noretval__2sprintf.o(.text)
    _printf_int_dec                          0x0800041d   Thumb Code   104  _printf_dec.o(.text)
    __printf                                 0x08000495   Thumb Code   352  __printf_ss_wp.o(.text)
    puts                                     0x080005f5   Thumb Code    40  puts.o(.text)
    __aeabi_memclr4                          0x08000621   Thumb Code     0  rt_memclr_w.o(.text)
    __aeabi_memclr8                          0x08000621   Thumb Code     0  rt_memclr_w.o(.text)
    __rt_memclr_w                            0x08000621   Thumb Code     0  rt_memclr_w.o(.text)
    _memset_w                                0x08000625   Thumb Code    74  rt_memclr_w.o(.text)
    __use_two_region_memory                  0x0800066f   Thumb Code     2  heapauxi.o(.text)
    __rt_heap_escrow$2region                 0x08000671   Thumb Code     2  heapauxi.o(.text)
    __rt_heap_expand$2region                 0x08000673   Thumb Code     2  heapauxi.o(.text)
    _printf_int_common                       0x08000675   Thumb Code   178  _printf_intcommon.o(.text)
    _printf_fp_dec_real                      0x080008d7   Thumb Code   620  _printf_fp_dec.o(.text)
    _printf_char_common                      0x08000b4f   Thumb Code    32  _printf_char_common.o(.text)
    _sputc                                   0x08000b75   Thumb Code    10  _sputc.o(.text)
    __rt_locale                              0x08000b81   Thumb Code     8  rt_locale_intlibspace.o(.text)
    _ll_udiv10                               0x08000b89   Thumb Code   138  lludiv10.o(.text)
    _printf_fp_infnan                        0x08000c15   Thumb Code   112  _printf_fp_infnan.o(.text)
    _btod_etento                             0x08000c95   Thumb Code   224  bigflt0.o(.text)
    __user_libspace                          0x08000d79   Thumb Code     8  libspace.o(.text)
    __user_perproc_libspace                  0x08000d79   Thumb Code     0  libspace.o(.text)
    __user_perthread_libspace                0x08000d79   Thumb Code     0  libspace.o(.text)
    __user_setup_stackheap                   0x08000d81   Thumb Code    74  sys_stackheap_outer.o(.text)
    exit                                     0x08000dcb   Thumb Code    18  exit.o(.text)
    strcmp                                   0x08000de1   Thumb Code   124  strcmpv7em.o(.text)
    ADC1_2_IRQHandler                        0x08000e5d   Thumb Code    12  stm32g4xx_it.o(.text.ADC1_2_IRQHandler)
    ADC_ConversionStop                       0x08000e69   Thumb Code   396  stm32g4xx_hal_adc.o(.text.ADC_ConversionStop)
    ADC_Disable                              0x08000ff5   Thumb Code   124  stm32g4xx_hal_adc.o(.text.ADC_Disable)
    ADC_Enable                               0x08001071   Thumb Code   234  stm32g4xx_hal_adc.o(.text.ADC_Enable)
    BusFault_Handler                         0x0800115d   Thumb Code     2  stm32g4xx_it.o(.text.BusFault_Handler)
    DebugMon_Handler                         0x08001161   Thumb Code     2  stm32g4xx_it.o(.text.DebugMon_Handler)
    Error_Handler                            0x08001165   Thumb Code    10  main.o(.text.Error_Handler)
    HAL_ADCEx_EndOfSamplingCallback          0x08001171   Thumb Code     2  stm32g4xx_hal_adc_ex.o(.text.HAL_ADCEx_EndOfSamplingCallback)
    HAL_ADCEx_InjectedConvCpltCallback       0x08001175   Thumb Code     2  stm32g4xx_hal_adc_ex.o(.text.HAL_ADCEx_InjectedConvCpltCallback)
    HAL_ADCEx_InjectedQueueOverflowCallback  0x08001179   Thumb Code     2  stm32g4xx_hal_adc_ex.o(.text.HAL_ADCEx_InjectedQueueOverflowCallback)
    HAL_ADCEx_LevelOutOfWindow2Callback      0x0800117d   Thumb Code     2  stm32g4xx_hal_adc_ex.o(.text.HAL_ADCEx_LevelOutOfWindow2Callback)
    HAL_ADCEx_LevelOutOfWindow3Callback      0x08001181   Thumb Code     2  stm32g4xx_hal_adc_ex.o(.text.HAL_ADCEx_LevelOutOfWindow3Callback)
    HAL_ADC_ConfigChannel                    0x08001185   Thumb Code   914  stm32g4xx_hal_adc.o(.text.HAL_ADC_ConfigChannel)
    HAL_ADC_ConvCpltCallback                 0x08001519   Thumb Code     2  stm32g4xx_hal_adc.o(.text.HAL_ADC_ConvCpltCallback)
    HAL_ADC_ErrorCallback                    0x0800151d   Thumb Code     2  stm32g4xx_hal_adc.o(.text.HAL_ADC_ErrorCallback)
    HAL_ADC_GetValue                         0x08001521   Thumb Code     6  stm32g4xx_hal_adc.o(.text.HAL_ADC_GetValue)
    HAL_ADC_IRQHandler                       0x08001529   Thumb Code   630  stm32g4xx_hal_adc.o(.text.HAL_ADC_IRQHandler)
    HAL_ADC_Init                             0x080017a1   Thumb Code   550  stm32g4xx_hal_adc.o(.text.HAL_ADC_Init)
    HAL_ADC_LevelOutOfWindowCallback         0x080019c9   Thumb Code     2  stm32g4xx_hal_adc.o(.text.HAL_ADC_LevelOutOfWindowCallback)
    HAL_ADC_MspInit                          0x080019cd   Thumb Code   154  adc.o(.text.HAL_ADC_MspInit)
    HAL_ADC_Start                            0x08001a69   Thumb Code   226  stm32g4xx_hal_adc.o(.text.HAL_ADC_Start)
    HAL_ADC_Start_IT                         0x08001b4d   Thumb Code   350  stm32g4xx_hal_adc.o(.text.HAL_ADC_Start_IT)
    HAL_ADC_Stop                             0x08001cad   Thumb Code    68  stm32g4xx_hal_adc.o(.text.HAL_ADC_Stop)
    HAL_DMA_Abort                            0x08001cf1   Thumb Code   110  stm32g4xx_hal_dma.o(.text.HAL_DMA_Abort)
    HAL_DMA_Abort_IT                         0x08001d61   Thumb Code   126  stm32g4xx_hal_dma.o(.text.HAL_DMA_Abort_IT)
    HAL_Delay                                0x08001de1   Thumb Code    40  stm32g4xx_hal.o(.text.HAL_Delay)
    HAL_GPIO_Init                            0x08001e09   Thumb Code   412  stm32g4xx_hal_gpio.o(.text.HAL_GPIO_Init)
    HAL_GPIO_ReadPin                         0x08001fa5   Thumb Code    10  stm32g4xx_hal_gpio.o(.text.HAL_GPIO_ReadPin)
    HAL_GPIO_WritePin                        0x08001fb1   Thumb Code    12  stm32g4xx_hal_gpio.o(.text.HAL_GPIO_WritePin)
    HAL_GetTick                              0x08001fbd   Thumb Code    12  stm32g4xx_hal.o(.text.HAL_GetTick)
    HAL_IncTick                              0x08001fc9   Thumb Code    26  stm32g4xx_hal.o(.text.HAL_IncTick)
    HAL_Init                                 0x08001fe5   Thumb Code    30  stm32g4xx_hal.o(.text.HAL_Init)
    HAL_InitTick                             0x08002005   Thumb Code    84  stm32g4xx_hal.o(.text.HAL_InitTick)
    HAL_MspInit                              0x08002059   Thumb Code    52  stm32g4xx_hal_msp.o(.text.HAL_MspInit)
    HAL_NVIC_EnableIRQ                       0x0800208d   Thumb Code    34  stm32g4xx_hal_cortex.o(.text.HAL_NVIC_EnableIRQ)
    HAL_NVIC_SetPriority                     0x080020b1   Thumb Code    86  stm32g4xx_hal_cortex.o(.text.HAL_NVIC_SetPriority)
    HAL_NVIC_SetPriorityGrouping             0x08002109   Thumb Code    32  stm32g4xx_hal_cortex.o(.text.HAL_NVIC_SetPriorityGrouping)
    HAL_PWREx_ControlVoltageScaling          0x08002129   Thumb Code   292  stm32g4xx_hal_pwr_ex.o(.text.HAL_PWREx_ControlVoltageScaling)
    HAL_PWREx_DisableUCPDDeadBattery         0x0800224d   Thumb Code    18  stm32g4xx_hal_pwr_ex.o(.text.HAL_PWREx_DisableUCPDDeadBattery)
    HAL_RCCEx_PeriphCLKConfig                0x08002261   Thumb Code   610  stm32g4xx_hal_rcc_ex.o(.text.HAL_RCCEx_PeriphCLKConfig)
    HAL_RCC_ClockConfig                      0x080024c5   Thumb Code   772  stm32g4xx_hal_rcc.o(.text.HAL_RCC_ClockConfig)
    HAL_RCC_GetPCLK1Freq                     0x080027c9   Thumb Code    42  stm32g4xx_hal_rcc.o(.text.HAL_RCC_GetPCLK1Freq)
    HAL_RCC_GetPCLK2Freq                     0x080027f5   Thumb Code    42  stm32g4xx_hal_rcc.o(.text.HAL_RCC_GetPCLK2Freq)
    HAL_RCC_GetSysClockFreq                  0x08002821   Thumb Code   130  stm32g4xx_hal_rcc.o(.text.HAL_RCC_GetSysClockFreq)
    HAL_RCC_OscConfig                        0x080028a5   Thumb Code  1176  stm32g4xx_hal_rcc.o(.text.HAL_RCC_OscConfig)
    HAL_SYSTICK_Config                       0x08002d3d   Thumb Code    44  stm32g4xx_hal_cortex.o(.text.HAL_SYSTICK_Config)
    HAL_TIMEx_Break2Callback                 0x08002d69   Thumb Code     2  stm32g4xx_hal_tim_ex.o(.text.HAL_TIMEx_Break2Callback)
    HAL_TIMEx_BreakCallback                  0x08002d6d   Thumb Code     2  stm32g4xx_hal_tim_ex.o(.text.HAL_TIMEx_BreakCallback)
    HAL_TIMEx_CommutCallback                 0x08002d71   Thumb Code     2  stm32g4xx_hal_tim_ex.o(.text.HAL_TIMEx_CommutCallback)
    HAL_TIMEx_DirectionChangeCallback        0x08002d75   Thumb Code     2  stm32g4xx_hal_tim_ex.o(.text.HAL_TIMEx_DirectionChangeCallback)
    HAL_TIMEx_EncoderIndexCallback           0x08002d79   Thumb Code     2  stm32g4xx_hal_tim_ex.o(.text.HAL_TIMEx_EncoderIndexCallback)
    HAL_TIMEx_IndexErrorCallback             0x08002d7d   Thumb Code     2  stm32g4xx_hal_tim_ex.o(.text.HAL_TIMEx_IndexErrorCallback)
    HAL_TIMEx_MasterConfigSynchronization    0x08002d81   Thumb Code   166  stm32g4xx_hal_tim_ex.o(.text.HAL_TIMEx_MasterConfigSynchronization)
    HAL_TIMEx_TransitionErrorCallback        0x08002e29   Thumb Code     2  stm32g4xx_hal_tim_ex.o(.text.HAL_TIMEx_TransitionErrorCallback)
    HAL_TIM_Base_Init                        0x08002e2d   Thumb Code    98  stm32g4xx_hal_tim.o(.text.HAL_TIM_Base_Init)
    HAL_TIM_Base_MspInit                     0x08002e91   Thumb Code   108  tim.o(.text.HAL_TIM_Base_MspInit)
    HAL_TIM_Base_Start_IT                    0x08002efd   Thumb Code   146  stm32g4xx_hal_tim.o(.text.HAL_TIM_Base_Start_IT)
    HAL_TIM_ConfigClockSource                0x08002f91   Thumb Code   502  stm32g4xx_hal_tim.o(.text.HAL_TIM_ConfigClockSource)
    HAL_TIM_IC_CaptureCallback               0x08003189   Thumb Code     2  stm32g4xx_hal_tim.o(.text.HAL_TIM_IC_CaptureCallback)
    HAL_TIM_IRQHandler                       0x0800318d   Thumb Code   454  stm32g4xx_hal_tim.o(.text.HAL_TIM_IRQHandler)
    HAL_TIM_OC_DelayElapsedCallback          0x08003355   Thumb Code     2  stm32g4xx_hal_tim.o(.text.HAL_TIM_OC_DelayElapsedCallback)
    HAL_TIM_PWM_ConfigChannel                0x08003359   Thumb Code   972  stm32g4xx_hal_tim.o(.text.HAL_TIM_PWM_ConfigChannel)
    HAL_TIM_PWM_Init                         0x08003725   Thumb Code    98  stm32g4xx_hal_tim.o(.text.HAL_TIM_PWM_Init)
    HAL_TIM_PWM_MspInit                      0x08003789   Thumb Code     2  stm32g4xx_hal_tim.o(.text.HAL_TIM_PWM_MspInit)
    HAL_TIM_PWM_PulseFinishedCallback        0x0800378d   Thumb Code    60  main.o(.text.HAL_TIM_PWM_PulseFinishedCallback)
    HAL_TIM_PWM_Start_IT                     0x080037c9   Thumb Code   406  stm32g4xx_hal_tim.o(.text.HAL_TIM_PWM_Start_IT)
    HAL_TIM_PeriodElapsedCallback            0x08003961   Thumb Code   504  main.o(.text.HAL_TIM_PeriodElapsedCallback)
    HAL_TIM_TriggerCallback                  0x08003bd1   Thumb Code     2  stm32g4xx_hal_tim.o(.text.HAL_TIM_TriggerCallback)
    HAL_UARTEx_DisableFifoMode               0x08003bd5   Thumb Code    54  stm32g4xx_hal_uart_ex.o(.text.HAL_UARTEx_DisableFifoMode)
    HAL_UARTEx_RxEventCallback               0x08003c0d   Thumb Code     2  stm32g4xx_hal_uart.o(.text.HAL_UARTEx_RxEventCallback)
    HAL_UARTEx_RxFifoFullCallback            0x08003c11   Thumb Code     2  stm32g4xx_hal_uart_ex.o(.text.HAL_UARTEx_RxFifoFullCallback)
    HAL_UARTEx_SetRxFifoThreshold            0x08003c15   Thumb Code   144  stm32g4xx_hal_uart_ex.o(.text.HAL_UARTEx_SetRxFifoThreshold)
    HAL_UARTEx_SetTxFifoThreshold            0x08003ca5   Thumb Code   144  stm32g4xx_hal_uart_ex.o(.text.HAL_UARTEx_SetTxFifoThreshold)
    HAL_UARTEx_TxFifoEmptyCallback           0x08003d35   Thumb Code     2  stm32g4xx_hal_uart_ex.o(.text.HAL_UARTEx_TxFifoEmptyCallback)
    HAL_UARTEx_WakeupCallback                0x08003d39   Thumb Code     2  stm32g4xx_hal_uart_ex.o(.text.HAL_UARTEx_WakeupCallback)
    HAL_UART_ErrorCallback                   0x08003d3d   Thumb Code     2  stm32g4xx_hal_uart.o(.text.HAL_UART_ErrorCallback)
    HAL_UART_GetState                        0x08003d41   Thumb Code    12  stm32g4xx_hal_uart.o(.text.HAL_UART_GetState)
    HAL_UART_IRQHandler                      0x08003d4d   Thumb Code  1562  stm32g4xx_hal_uart.o(.text.HAL_UART_IRQHandler)
    HAL_UART_Init                            0x08004369   Thumb Code    98  stm32g4xx_hal_uart.o(.text.HAL_UART_Init)
    HAL_UART_MspInit                         0x080043cd   Thumb Code   148  usart.o(.text.HAL_UART_MspInit)
    HAL_UART_Receive_IT                      0x08004461   Thumb Code   164  stm32g4xx_hal_uart.o(.text.HAL_UART_Receive_IT)
    HAL_UART_RxCpltCallback                  0x08004505   Thumb Code   114  usart.o(.text.HAL_UART_RxCpltCallback)
    HAL_UART_Transmit                        0x08004579   Thumb Code   240  stm32g4xx_hal_uart.o(.text.HAL_UART_Transmit)
    HAL_UART_TxCpltCallback                  0x08004669   Thumb Code     2  stm32g4xx_hal_uart.o(.text.HAL_UART_TxCpltCallback)
    HardFault_Handler                        0x0800466d   Thumb Code     2  stm32g4xx_it.o(.text.HardFault_Handler)
    LCD_Clear                                0x08004671   Thumb Code   444  lcd.o(.text.LCD_Clear)
    LCD_DisplayStringLine                    0x0800482d   Thumb Code    76  lcd.o(.text.LCD_DisplayStringLine)
    LCD_DrawChar                             0x08004879   Thumb Code   364  lcd.o(.text.LCD_DrawChar)
    LCD_Init                                 0x080049e5   Thumb Code   558  lcd.o(.text.LCD_Init)
    LCD_SetBackColor                         0x08004c15   Thumb Code    24  lcd.o(.text.LCD_SetBackColor)
    LCD_SetCursor                            0x08004c2d   Thumb Code   220  lcd.o(.text.LCD_SetCursor)
    LCD_SetTextColor                         0x08004d09   Thumb Code    24  lcd.o(.text.LCD_SetTextColor)
    MX_ADC2_Init                             0x08004d21   Thumb Code   130  adc.o(.text.MX_ADC2_Init)
    MX_GPIO_Init                             0x08004da5   Thumb Code   118  gpio.o(.text.MX_GPIO_Init)
    MX_TIM2_Init                             0x08004e1d   Thumb Code   254  tim.o(.text.MX_TIM2_Init)
    MX_TIM6_Init                             0x08004f1d   Thumb Code    82  tim.o(.text.MX_TIM6_Init)
    MX_USART1_UART_Init                      0x08004f71   Thumb Code   140  usart.o(.text.MX_USART1_UART_Init)
    MemManage_Handler                        0x08004ffd   Thumb Code     2  stm32g4xx_it.o(.text.MemManage_Handler)
    NMI_Handler                              0x08005001   Thumb Code     2  stm32g4xx_it.o(.text.NMI_Handler)
    PendSV_Handler                           0x08005005   Thumb Code     2  stm32g4xx_it.o(.text.PendSV_Handler)
    REG_8230_Init                            0x08005009   Thumb Code  3084  lcd.o(.text.REG_8230_Init)
    REG_932X_Init                            0x08005c15   Thumb Code  5966  lcd.o(.text.REG_932X_Init)
    SVC_Handler                              0x08007365   Thumb Code     2  stm32g4xx_it.o(.text.SVC_Handler)
    SysTick_Handler                          0x08007369   Thumb Code     4  stm32g4xx_it.o(.text.SysTick_Handler)
    SystemInit                               0x0800736d   Thumb Code    18  system_stm32g4xx.o(.text.SystemInit)
    TIM2_IRQHandler                          0x08007381   Thumb Code    12  stm32g4xx_it.o(.text.TIM2_IRQHandler)
    TIM6_DAC_IRQHandler                      0x0800738d   Thumb Code    12  stm32g4xx_it.o(.text.TIM6_DAC_IRQHandler)
    TIM_Base_SetConfig                       0x08007399   Thumb Code   276  stm32g4xx_hal_tim.o(.text.TIM_Base_SetConfig)
    UART_AdvFeatureConfig                    0x080074ad   Thumb Code   226  stm32g4xx_hal_uart.o(.text.UART_AdvFeatureConfig)
    UART_CheckIdleState                      0x08007591   Thumb Code   358  stm32g4xx_hal_uart.o(.text.UART_CheckIdleState)
    UART_SetConfig                           0x08008089   Thumb Code   628  stm32g4xx_hal_uart.o(.text.UART_SetConfig)
    UART_Start_Receive_IT                    0x0800830d   Thumb Code   606  stm32g4xx_hal_uart.o(.text.UART_Start_Receive_IT)
    UART_WaitOnFlagUntilTimeout              0x0800856d   Thumb Code   746  stm32g4xx_hal_uart.o(.text.UART_WaitOnFlagUntilTimeout)
    USART1_IRQHandler                        0x08008859   Thumb Code    92  stm32g4xx_it.o(.text.USART1_IRQHandler)
    UsageFault_Handler                       0x080088b5   Thumb Code     2  stm32g4xx_it.o(.text.UsageFault_Handler)
    _sys_exit                                0x080088b9   Thumb Code     2  usart.o(.text._sys_exit)
    fputc                                    0x080088bd   Thumb Code    30  usart.o(.text.fputc)
    getADC                                   0x080088e1   Thumb Code    64  adc.o(.text.getADC)
    led_OFF                                  0x08008931   Thumb Code   168  led.o(.text.led_OFF)
    led_ON                                   0x080089d9   Thumb Code   172  led.o(.text.led_ON)
    led_init                                 0x08008a85   Thumb Code   152  led.o(.text.led_init)
    main                                     0x08008b1d   Thumb Code   656  main.o(.text.main)
    _btod_d2e                                0x08008dad   Thumb Code    62  btod.o(CL$$btod_d2e)
    _d2e_denorm_low                          0x08008deb   Thumb Code    70  btod.o(CL$$btod_d2e_denorm_low)
    _d2e_norm_op1                            0x08008e31   Thumb Code    96  btod.o(CL$$btod_d2e_norm_op1)
    __btod_div_common                        0x08008e91   Thumb Code   696  btod.o(CL$$btod_div_common)
    _e2e                                     0x080091c9   Thumb Code   220  btod.o(CL$$btod_e2e)
    _btod_ediv                               0x080092a5   Thumb Code    42  btod.o(CL$$btod_ediv)
    _btod_emul                               0x080092cf   Thumb Code    42  btod.o(CL$$btod_emul)
    __btod_mult_common                       0x080092f9   Thumb Code   580  btod.o(CL$$btod_mult_common)
    __ARM_fpclassify                         0x0800953d   Thumb Code    48  fpclassify.o(i.__ARM_fpclassify)
    _is_digit                                0x0800956d   Thumb Code    14  __printf_wp.o(i._is_digit)
    _get_lc_numeric                          0x0800957d   Thumb Code    44  lc_numeric_c.o(locale$$code)
    __aeabi_dadd                             0x080095a9   Thumb Code     0  daddsub_clz.o(x$fpl$dadd)
    _dadd                                    0x080095a9   Thumb Code   332  daddsub_clz.o(x$fpl$dadd)
    __fpl_dcmp_Inf                           0x080096f9   Thumb Code    24  dcmpi.o(x$fpl$dcmpinf)
    __aeabi_cdcmpeq                          0x08009711   Thumb Code     0  deqf.o(x$fpl$deqf)
    _dcmpeq                                  0x08009711   Thumb Code   120  deqf.o(x$fpl$deqf)
    __aeabi_ui2d                             0x08009789   Thumb Code     0  dflt_clz.o(x$fpl$dfltu)
    _dfltu                                   0x08009789   Thumb Code    38  dflt_clz.o(x$fpl$dfltu)
    __aeabi_cdcmpge                          0x080097b1   Thumb Code     0  dgeqf.o(x$fpl$dgeqf)
    _dcmpge                                  0x080097b1   Thumb Code   120  dgeqf.o(x$fpl$dgeqf)
    __aeabi_cdcmple                          0x08009829   Thumb Code     0  dleqf.o(x$fpl$dleqf)
    _dcmple                                  0x08009829   Thumb Code   120  dleqf.o(x$fpl$dleqf)
    __fpl_dcmple_InfNaN                      0x0800988b   Thumb Code     0  dleqf.o(x$fpl$dleqf)
    __aeabi_dmul                             0x080098a1   Thumb Code     0  dmul.o(x$fpl$dmul)
    _dmul                                    0x080098a1   Thumb Code   332  dmul.o(x$fpl$dmul)
    __fpl_dnaninf                            0x080099f5   Thumb Code   156  dnaninf.o(x$fpl$dnaninf)
    __fpl_dretinf                            0x08009a91   Thumb Code    12  dretinf.o(x$fpl$dretinf)
    __aeabi_dsub                             0x08009a9d   Thumb Code     0  daddsub_clz.o(x$fpl$dsub)
    _dsub                                    0x08009a9d   Thumb Code   472  daddsub_clz.o(x$fpl$dsub)
    __aeabi_dcmpeq                           0x08009c79   Thumb Code     0  dcmp.o(x$fpl$fcmp)
    _deq                                     0x08009c79   Thumb Code    14  dcmp.o(x$fpl$fcmp)
    _dneq                                    0x08009c87   Thumb Code    14  dcmp.o(x$fpl$fcmp)
    __aeabi_dcmpgt                           0x08009c95   Thumb Code     0  dcmp.o(x$fpl$fcmp)
    _dgr                                     0x08009c95   Thumb Code    14  dcmp.o(x$fpl$fcmp)
    __aeabi_dcmpge                           0x08009ca3   Thumb Code     0  dcmp.o(x$fpl$fcmp)
    _dgeq                                    0x08009ca3   Thumb Code    14  dcmp.o(x$fpl$fcmp)
    __aeabi_dcmple                           0x08009cb1   Thumb Code     0  dcmp.o(x$fpl$fcmp)
    _dleq                                    0x08009cb1   Thumb Code    14  dcmp.o(x$fpl$fcmp)
    __aeabi_dcmplt                           0x08009cbf   Thumb Code     0  dcmp.o(x$fpl$fcmp)
    _dls                                     0x08009cbf   Thumb Code    14  dcmp.o(x$fpl$fcmp)
    _fp_init                                 0x08009ccd   Thumb Code    26  fpinit.o(x$fpl$fpinit)
    __fplib_config_fpu_vfp                   0x08009ce5   Thumb Code     0  fpinit.o(x$fpl$fpinit)
    __fplib_config_pureend_doubles           0x08009ce5   Thumb Code     0  fpinit.o(x$fpl$fpinit)
    _printf_fp_dec                           0x08009ce7   Thumb Code     4  printf1.o(x$fpl$printf1)
    __I$use$fp                               0x08009cea   Number         0  usenofp.o(x$fpl$usenofp)
    AHBPrescTable                            0x08009d80   Data          16  system_stm32g4xx.o(.rodata.AHBPrescTable)
    APBPrescTable                            0x08009d90   Data           8  system_stm32g4xx.o(.rodata.APBPrescTable)
    ASCII_Table                              0x08009d98   Data        4560  lcd.o(.rodata.ASCII_Table)
    UARTPrescTable                           0x0800af68   Data          24  stm32g4xx_hal_uart.o(.rodata.UARTPrescTable)
    Region$$Table$$Base                      0x0800b000   Number         0  anon$$obj.o(Region$$Table)
    Region$$Table$$Limit                     0x0800b020   Number         0  anon$$obj.o(Region$$Table)
    SystemCoreClock                          0x20000004   Data           4  system_stm32g4xx.o(.data.SystemCoreClock)
    gear                                     0x20000008   Data           4  main.o(.data.gear)
    uwTickFreq                               0x2000000c   Data           4  stm32g4xx_hal.o(.data.uwTickFreq)
    uwTickPrio                               0x20000010   Data           4  stm32g4xx_hal.o(.data.uwTickPrio)
    __libspace_start                         0x20000018   Data          96  libspace.o(.bss)
    __temporary_stack_top$libspace           0x20000078   Data           0  libspace.o(.bss)
    USART1_RECEIVE_ARRAY                     0x2000007c   Data         200  usart.o(.bss.USART1_RECEIVE_ARRAY)
    USART1_RECEIVE_DATA                      0x20000144   Data           1  usart.o(.bss.USART1_RECEIVE_DATA)
    USART1_RECEIVE_STATE                     0x20000146   Data           2  usart.o(.bss.USART1_RECEIVE_STATE)
    __stdout                                 0x20000148   Data          84  usart.o(.bss.__stdout)
    dummy                                    0x2000019c   Data           2  lcd.o(.bss.dummy)
    hadc2                                    0x200001a0   Data         108  adc.o(.bss.hadc2)
    htim2                                    0x2000020c   Data          76  tim.o(.bss.htim2)
    htim6                                    0x20000258   Data          76  tim.o(.bss.htim6)
    huart1                                   0x200002a4   Data         148  usart.o(.bss.huart1)
    led_buff                                 0x20000338   Data           1  led.o(.bss.led_buff)
    led_state                                0x2000033c   Data          32  led.o(.bss.led_state)
    mode                                     0x2000035c   Data           4  main.o(.bss.mode)
    start_time                               0x20000360   Data           1  main.o(.bss.start_time)
    temp                                     0x20000368   Data           8  main.o(.bss.temp)
    text                                     0x20000370   Data          30  main.o(.bss.text)
    time                                     0x20000390   Data           8  main.o(.bss.time)
    usart_time                               0x20000398   Data           8  main.o(.bss.usart_time)
    uwTick                                   0x200003a0   Data           4  stm32g4xx_hal.o(.bss.uwTick)



==============================================================================

Memory Map of the image

  Image Entry point : 0x080001d9

  Load Region LR_IROM1 (Base: 0x08000000, Size: 0x0000b058, Max: 0x00020000, ABSOLUTE)

    Execution Region ER_IROM1 (Exec base: 0x08000000, Load base: 0x08000000, Size: 0x0000b03c, Max: 0x00020000, ABSOLUTE)

    Exec Addr    Load Addr    Size         Type   Attr      Idx    E Section Name        Object

    0x08000000   0x08000000   0x000001d8   Data   RO            3    RESET               startup_stm32g431xx.o
    0x080001d8   0x080001d8   0x00000008   Code   RO         1500  * !!!main             c_w.l(__main.o)
    0x080001e0   0x080001e0   0x0000005c   Code   RO         1764    !!!scatter          c_w.l(__scatter.o)
    0x0800023c   0x0800023c   0x0000001a   Code   RO         1768    !!handler_copy      c_w.l(__scatter_copy.o)
    0x08000256   0x08000256   0x00000002   PAD
    0x08000258   0x08000258   0x00000002   Code   RO         1765    !!handler_null      c_w.l(__scatter.o)
    0x0800025a   0x0800025a   0x00000002   PAD
    0x0800025c   0x0800025c   0x0000001c   Code   RO         1770    !!handler_zi        c_w.l(__scatter_zi.o)
    0x08000278   0x08000278   0x00000000   Code   RO         1493    .ARM.Collect$$_printf_percent$$00000000  c_w.l(_printf_percent.o)
    0x08000278   0x08000278   0x00000006   Code   RO         1492    .ARM.Collect$$_printf_percent$$00000003  c_w.l(_printf_f.o)
    0x0800027e   0x0800027e   0x00000006   Code   RO         1491    .ARM.Collect$$_printf_percent$$00000009  c_w.l(_printf_d.o)
    0x08000284   0x08000284   0x00000004   Code   RO         1535    .ARM.Collect$$_printf_percent$$00000017  c_w.l(_printf_percent_end.o)
    0x08000288   0x08000288   0x00000002   Code   RO         1631    .ARM.Collect$$libinit$$00000000  c_w.l(libinit.o)
    0x0800028a   0x0800028a   0x00000004   Code   RO         1632    .ARM.Collect$$libinit$$00000001  c_w.l(libinit2.o)
    0x0800028e   0x0800028e   0x00000000   Code   RO         1635    .ARM.Collect$$libinit$$00000004  c_w.l(libinit2.o)
    0x0800028e   0x0800028e   0x00000000   Code   RO         1637    .ARM.Collect$$libinit$$00000006  c_w.l(libinit2.o)
    0x0800028e   0x0800028e   0x00000000   Code   RO         1640    .ARM.Collect$$libinit$$0000000C  c_w.l(libinit2.o)
    0x0800028e   0x0800028e   0x00000000   Code   RO         1642    .ARM.Collect$$libinit$$0000000E  c_w.l(libinit2.o)
    0x0800028e   0x0800028e   0x00000000   Code   RO         1644    .ARM.Collect$$libinit$$00000010  c_w.l(libinit2.o)
    0x0800028e   0x0800028e   0x00000006   Code   RO         1645    .ARM.Collect$$libinit$$00000011  c_w.l(libinit2.o)
    0x08000294   0x08000294   0x00000000   Code   RO         1647    .ARM.Collect$$libinit$$00000013  c_w.l(libinit2.o)
    0x08000294   0x08000294   0x00000000   Code   RO         1649    .ARM.Collect$$libinit$$00000015  c_w.l(libinit2.o)
    0x08000294   0x08000294   0x00000000   Code   RO         1651    .ARM.Collect$$libinit$$00000017  c_w.l(libinit2.o)
    0x08000294   0x08000294   0x0000000a   Code   RO         1652    .ARM.Collect$$libinit$$00000018  c_w.l(libinit2.o)
    0x0800029e   0x0800029e   0x00000000   Code   RO         1653    .ARM.Collect$$libinit$$00000019  c_w.l(libinit2.o)
    0x0800029e   0x0800029e   0x00000000   Code   RO         1655    .ARM.Collect$$libinit$$0000001B  c_w.l(libinit2.o)
    0x0800029e   0x0800029e   0x00000000   Code   RO         1657    .ARM.Collect$$libinit$$0000001D  c_w.l(libinit2.o)
    0x0800029e   0x0800029e   0x00000000   Code   RO         1659    .ARM.Collect$$libinit$$0000001F  c_w.l(libinit2.o)
    0x0800029e   0x0800029e   0x00000000   Code   RO         1661    .ARM.Collect$$libinit$$00000021  c_w.l(libinit2.o)
    0x0800029e   0x0800029e   0x00000000   Code   RO         1663    .ARM.Collect$$libinit$$00000023  c_w.l(libinit2.o)
    0x0800029e   0x0800029e   0x00000000   Code   RO         1665    .ARM.Collect$$libinit$$00000025  c_w.l(libinit2.o)
    0x0800029e   0x0800029e   0x00000000   Code   RO         1667    .ARM.Collect$$libinit$$00000027  c_w.l(libinit2.o)
    0x0800029e   0x0800029e   0x00000000   Code   RO         1671    .ARM.Collect$$libinit$$0000002E  c_w.l(libinit2.o)
    0x0800029e   0x0800029e   0x00000000   Code   RO         1673    .ARM.Collect$$libinit$$00000030  c_w.l(libinit2.o)
    0x0800029e   0x0800029e   0x00000000   Code   RO         1675    .ARM.Collect$$libinit$$00000032  c_w.l(libinit2.o)
    0x0800029e   0x0800029e   0x00000000   Code   RO         1677    .ARM.Collect$$libinit$$00000034  c_w.l(libinit2.o)
    0x0800029e   0x0800029e   0x00000002   Code   RO         1678    .ARM.Collect$$libinit$$00000035  c_w.l(libinit2.o)
    0x080002a0   0x080002a0   0x00000002   Code   RO         1726    .ARM.Collect$$libshutdown$$00000000  c_w.l(libshutdown.o)
    0x080002a2   0x080002a2   0x00000000   Code   RO         1747    .ARM.Collect$$libshutdown$$00000002  c_w.l(libshutdown2.o)
    0x080002a2   0x080002a2   0x00000000   Code   RO         1749    .ARM.Collect$$libshutdown$$00000004  c_w.l(libshutdown2.o)
    0x080002a2   0x080002a2   0x00000000   Code   RO         1752    .ARM.Collect$$libshutdown$$00000007  c_w.l(libshutdown2.o)
    0x080002a2   0x080002a2   0x00000000   Code   RO         1755    .ARM.Collect$$libshutdown$$0000000A  c_w.l(libshutdown2.o)
    0x080002a2   0x080002a2   0x00000000   Code   RO         1757    .ARM.Collect$$libshutdown$$0000000C  c_w.l(libshutdown2.o)
    0x080002a2   0x080002a2   0x00000000   Code   RO         1760    .ARM.Collect$$libshutdown$$0000000F  c_w.l(libshutdown2.o)
    0x080002a2   0x080002a2   0x00000002   Code   RO         1761    .ARM.Collect$$libshutdown$$00000010  c_w.l(libshutdown2.o)
    0x080002a4   0x080002a4   0x00000000   Code   RO         1520    .ARM.Collect$$rtentry$$00000000  c_w.l(__rtentry.o)
    0x080002a4   0x080002a4   0x00000000   Code   RO         1548    .ARM.Collect$$rtentry$$00000002  c_w.l(__rtentry2.o)
    0x080002a4   0x080002a4   0x00000006   Code   RO         1560    .ARM.Collect$$rtentry$$00000004  c_w.l(__rtentry4.o)
    0x080002aa   0x080002aa   0x00000000   Code   RO         1550    .ARM.Collect$$rtentry$$00000009  c_w.l(__rtentry2.o)
    0x080002aa   0x080002aa   0x00000004   Code   RO         1551    .ARM.Collect$$rtentry$$0000000A  c_w.l(__rtentry2.o)
    0x080002ae   0x080002ae   0x00000000   Code   RO         1553    .ARM.Collect$$rtentry$$0000000C  c_w.l(__rtentry2.o)
    0x080002ae   0x080002ae   0x00000008   Code   RO         1554    .ARM.Collect$$rtentry$$0000000D  c_w.l(__rtentry2.o)
    0x080002b6   0x080002b6   0x00000002   Code   RO         1679    .ARM.Collect$$rtexit$$00000000  c_w.l(rtexit.o)
    0x080002b8   0x080002b8   0x00000000   Code   RO         1694    .ARM.Collect$$rtexit$$00000002  c_w.l(rtexit2.o)
    0x080002b8   0x080002b8   0x00000004   Code   RO         1695    .ARM.Collect$$rtexit$$00000003  c_w.l(rtexit2.o)
    0x080002bc   0x080002bc   0x00000006   Code   RO         1696    .ARM.Collect$$rtexit$$00000004  c_w.l(rtexit2.o)
    0x080002c2   0x080002c2   0x00000002   PAD
    0x080002c4   0x080002c4   0x00000040   Code   RO            4    .text               startup_stm32g431xx.o
    0x08000304   0x08000304   0x000000f0   Code   RO         1461    .text               c_w.l(lludivv7m.o)
    0x080003f4   0x080003f4   0x00000028   Code   RO         1465    .text               c_w.l(noretval__2sprintf.o)
    0x0800041c   0x0800041c   0x00000078   Code   RO         1469    .text               c_w.l(_printf_dec.o)
    0x08000494   0x08000494   0x00000160   Code   RO         1486    .text               c_w.l(__printf_ss_wp.o)
    0x080005f4   0x080005f4   0x0000002c   Code   RO         1494    .text               c_w.l(puts.o)
    0x08000620   0x08000620   0x0000004e   Code   RO         1496    .text               c_w.l(rt_memclr_w.o)
    0x0800066e   0x0800066e   0x00000006   Code   RO         1498    .text               c_w.l(heapauxi.o)
    0x08000674   0x08000674   0x000000b2   Code   RO         1525    .text               c_w.l(_printf_intcommon.o)
    0x08000726   0x08000726   0x0000041c   Code   RO         1527    .text               c_w.l(_printf_fp_dec.o)
    0x08000b42   0x08000b42   0x00000002   PAD
    0x08000b44   0x08000b44   0x00000030   Code   RO         1531    .text               c_w.l(_printf_char_common.o)
    0x08000b74   0x08000b74   0x0000000a   Code   RO         1533    .text               c_w.l(_sputc.o)
    0x08000b7e   0x08000b7e   0x00000002   PAD
    0x08000b80   0x08000b80   0x00000008   Code   RO         1567    .text               c_w.l(rt_locale_intlibspace.o)
    0x08000b88   0x08000b88   0x0000008a   Code   RO         1569    .text               c_w.l(lludiv10.o)
    0x08000c12   0x08000c12   0x00000002   PAD
    0x08000c14   0x08000c14   0x00000080   Code   RO         1571    .text               c_w.l(_printf_fp_infnan.o)
    0x08000c94   0x08000c94   0x000000e4   Code   RO         1575    .text               c_w.l(bigflt0.o)
    0x08000d78   0x08000d78   0x00000008   Code   RO         1611    .text               c_w.l(libspace.o)
    0x08000d80   0x08000d80   0x0000004a   Code   RO         1614    .text               c_w.l(sys_stackheap_outer.o)
    0x08000dca   0x08000dca   0x00000012   Code   RO         1618    .text               c_w.l(exit.o)
    0x08000ddc   0x08000ddc   0x00000004   PAD
    0x08000de0   0x08000de0   0x0000007c   Code   RO         1624    .text               c_w.l(strcmpv7em.o)
    0x08000e5c   0x08000e5c   0x0000000c   Code   RO          128    .text.ADC1_2_IRQHandler  stm32g4xx_it.o
    0x08000e68   0x08000e68   0x0000018c   Code   RO          158    .text.ADC_ConversionStop  stm32g4xx_hal_adc.o
    0x08000ff4   0x08000ff4   0x0000007c   Code   RO          160    .text.ADC_Disable   stm32g4xx_hal_adc.o
    0x08001070   0x08001070   0x000000ea   Code   RO          166    .text.ADC_Enable    stm32g4xx_hal_adc.o
    0x0800115a   0x0800115a   0x00000002   PAD
    0x0800115c   0x0800115c   0x00000002   Code   RO          116    .text.BusFault_Handler  stm32g4xx_it.o
    0x0800115e   0x0800115e   0x00000002   PAD
    0x08001160   0x08001160   0x00000002   Code   RO          122    .text.DebugMon_Handler  stm32g4xx_it.o
    0x08001162   0x08001162   0x00000002   PAD
    0x08001164   0x08001164   0x0000000a   Code   RO           15    .text.Error_Handler  main.o
    0x0800116e   0x0800116e   0x00000002   PAD
    0x08001170   0x08001170   0x00000002   Code   RO          252    .text.HAL_ADCEx_EndOfSamplingCallback  stm32g4xx_hal_adc_ex.o
    0x08001172   0x08001172   0x00000002   PAD
    0x08001174   0x08001174   0x00000002   Code   RO          244    .text.HAL_ADCEx_InjectedConvCpltCallback  stm32g4xx_hal_adc_ex.o
    0x08001176   0x08001176   0x00000002   PAD
    0x08001178   0x08001178   0x00000002   Code   RO          246    .text.HAL_ADCEx_InjectedQueueOverflowCallback  stm32g4xx_hal_adc_ex.o
    0x0800117a   0x0800117a   0x00000002   PAD
    0x0800117c   0x0800117c   0x00000002   Code   RO          248    .text.HAL_ADCEx_LevelOutOfWindow2Callback  stm32g4xx_hal_adc_ex.o
    0x0800117e   0x0800117e   0x00000002   PAD
    0x08001180   0x08001180   0x00000002   Code   RO          250    .text.HAL_ADCEx_LevelOutOfWindow3Callback  stm32g4xx_hal_adc_ex.o
    0x08001182   0x08001182   0x00000002   PAD
    0x08001184   0x08001184   0x00000392   Code   RO          204    .text.HAL_ADC_ConfigChannel  stm32g4xx_hal_adc.o
    0x08001516   0x08001516   0x00000002   PAD
    0x08001518   0x08001518   0x00000002   Code   RO          196    .text.HAL_ADC_ConvCpltCallback  stm32g4xx_hal_adc.o
    0x0800151a   0x0800151a   0x00000002   PAD
    0x0800151c   0x0800151c   0x00000002   Code   RO          200    .text.HAL_ADC_ErrorCallback  stm32g4xx_hal_adc.o
    0x0800151e   0x0800151e   0x00000002   PAD
    0x08001520   0x08001520   0x00000006   Code   RO          188    .text.HAL_ADC_GetValue  stm32g4xx_hal_adc.o
    0x08001526   0x08001526   0x00000002   PAD
    0x08001528   0x08001528   0x00000276   Code   RO          194    .text.HAL_ADC_IRQHandler  stm32g4xx_hal_adc.o
    0x0800179e   0x0800179e   0x00000002   PAD
    0x080017a0   0x080017a0   0x00000226   Code   RO          152    .text.HAL_ADC_Init  stm32g4xx_hal_adc.o
    0x080019c6   0x080019c6   0x00000002   PAD
    0x080019c8   0x080019c8   0x00000002   Code   RO          198    .text.HAL_ADC_LevelOutOfWindowCallback  stm32g4xx_hal_adc.o
    0x080019ca   0x080019ca   0x00000002   PAD
    0x080019cc   0x080019cc   0x0000009a   Code   RO           50    .text.HAL_ADC_MspInit  adc.o
    0x08001a66   0x08001a66   0x00000002   PAD
    0x08001a68   0x08001a68   0x000000e2   Code   RO          164    .text.HAL_ADC_Start  stm32g4xx_hal_adc.o
    0x08001b4a   0x08001b4a   0x00000002   PAD
    0x08001b4c   0x08001b4c   0x0000015e   Code   RO          174    .text.HAL_ADC_Start_IT  stm32g4xx_hal_adc.o
    0x08001caa   0x08001caa   0x00000002   PAD
    0x08001cac   0x08001cac   0x00000044   Code   RO          168    .text.HAL_ADC_Stop  stm32g4xx_hal_adc.o
    0x08001cf0   0x08001cf0   0x0000006e   Code   RO          582    .text.HAL_DMA_Abort  stm32g4xx_hal_dma.o
    0x08001d5e   0x08001d5e   0x00000002   PAD
    0x08001d60   0x08001d60   0x0000007e   Code   RO          584    .text.HAL_DMA_Abort_IT  stm32g4xx_hal_dma.o
    0x08001dde   0x08001dde   0x00000002   PAD
    0x08001de0   0x08001de0   0x00000028   Code   RO          303    .text.HAL_Delay     stm32g4xx_hal.o
    0x08001e08   0x08001e08   0x0000019c   Code   RO          524    .text.HAL_GPIO_Init  stm32g4xx_hal_gpio.o
    0x08001fa4   0x08001fa4   0x0000000a   Code   RO          528    .text.HAL_GPIO_ReadPin  stm32g4xx_hal_gpio.o
    0x08001fae   0x08001fae   0x00000002   PAD
    0x08001fb0   0x08001fb0   0x0000000c   Code   RO          530    .text.HAL_GPIO_WritePin  stm32g4xx_hal_gpio.o
    0x08001fbc   0x08001fbc   0x0000000c   Code   RO          295    .text.HAL_GetTick   stm32g4xx_hal.o
    0x08001fc8   0x08001fc8   0x0000001a   Code   RO          293    .text.HAL_IncTick   stm32g4xx_hal.o
    0x08001fe2   0x08001fe2   0x00000002   PAD
    0x08001fe4   0x08001fe4   0x0000001e   Code   RO          283    .text.HAL_Init      stm32g4xx_hal.o
    0x08002002   0x08002002   0x00000002   PAD
    0x08002004   0x08002004   0x00000054   Code   RO          285    .text.HAL_InitTick  stm32g4xx_hal.o
    0x08002058   0x08002058   0x00000034   Code   RO          144    .text.HAL_MspInit   stm32g4xx_hal_msp.o
    0x0800208c   0x0800208c   0x00000022   Code   RO          750    .text.HAL_NVIC_EnableIRQ  stm32g4xx_hal_cortex.o
    0x080020ae   0x080020ae   0x00000002   PAD
    0x080020b0   0x080020b0   0x00000056   Code   RO          748    .text.HAL_NVIC_SetPriority  stm32g4xx_hal_cortex.o
    0x08002106   0x08002106   0x00000002   PAD
    0x08002108   0x08002108   0x00000020   Code   RO          746    .text.HAL_NVIC_SetPriorityGrouping  stm32g4xx_hal_cortex.o
    0x08002128   0x08002128   0x00000124   Code   RO          666    .text.HAL_PWREx_ControlVoltageScaling  stm32g4xx_hal_pwr_ex.o
    0x0800224c   0x0800224c   0x00000012   Code   RO          736    .text.HAL_PWREx_DisableUCPDDeadBattery  stm32g4xx_hal_pwr_ex.o
    0x0800225e   0x0800225e   0x00000002   PAD
    0x08002260   0x08002260   0x00000262   Code   RO          408    .text.HAL_RCCEx_PeriphCLKConfig  stm32g4xx_hal_rcc_ex.o
    0x080024c2   0x080024c2   0x00000002   PAD
    0x080024c4   0x080024c4   0x00000304   Code   RO          374    .text.HAL_RCC_ClockConfig  stm32g4xx_hal_rcc.o
    0x080027c8   0x080027c8   0x0000002a   Code   RO          382    .text.HAL_RCC_GetPCLK1Freq  stm32g4xx_hal_rcc.o
    0x080027f2   0x080027f2   0x00000002   PAD
    0x080027f4   0x080027f4   0x0000002a   Code   RO          384    .text.HAL_RCC_GetPCLK2Freq  stm32g4xx_hal_rcc.o
    0x0800281e   0x0800281e   0x00000002   PAD
    0x08002820   0x08002820   0x00000082   Code   RO          376    .text.HAL_RCC_GetSysClockFreq  stm32g4xx_hal_rcc.o
    0x080028a2   0x080028a2   0x00000002   PAD
    0x080028a4   0x080028a4   0x00000498   Code   RO          372    .text.HAL_RCC_OscConfig  stm32g4xx_hal_rcc.o
    0x08002d3c   0x08002d3c   0x0000002c   Code   RO          758    .text.HAL_SYSTICK_Config  stm32g4xx_hal_cortex.o
    0x08002d68   0x08002d68   0x00000002   Code   RO         1143    .text.HAL_TIMEx_Break2Callback  stm32g4xx_hal_tim_ex.o
    0x08002d6a   0x08002d6a   0x00000002   PAD
    0x08002d6c   0x08002d6c   0x00000002   Code   RO         1141    .text.HAL_TIMEx_BreakCallback  stm32g4xx_hal_tim_ex.o
    0x08002d6e   0x08002d6e   0x00000002   PAD
    0x08002d70   0x08002d70   0x00000002   Code   RO         1137    .text.HAL_TIMEx_CommutCallback  stm32g4xx_hal_tim_ex.o
    0x08002d72   0x08002d72   0x00000002   PAD
    0x08002d74   0x08002d74   0x00000002   Code   RO         1147    .text.HAL_TIMEx_DirectionChangeCallback  stm32g4xx_hal_tim_ex.o
    0x08002d76   0x08002d76   0x00000002   PAD
    0x08002d78   0x08002d78   0x00000002   Code   RO         1145    .text.HAL_TIMEx_EncoderIndexCallback  stm32g4xx_hal_tim_ex.o
    0x08002d7a   0x08002d7a   0x00000002   PAD
    0x08002d7c   0x08002d7c   0x00000002   Code   RO         1149    .text.HAL_TIMEx_IndexErrorCallback  stm32g4xx_hal_tim_ex.o
    0x08002d7e   0x08002d7e   0x00000002   PAD
    0x08002d80   0x08002d80   0x000000a6   Code   RO         1087    .text.HAL_TIMEx_MasterConfigSynchronization  stm32g4xx_hal_tim_ex.o
    0x08002e26   0x08002e26   0x00000002   PAD
    0x08002e28   0x08002e28   0x00000002   Code   RO         1151    .text.HAL_TIMEx_TransitionErrorCallback  stm32g4xx_hal_tim_ex.o
    0x08002e2a   0x08002e2a   0x00000002   PAD
    0x08002e2c   0x08002e2c   0x00000062   Code   RO          792    .text.HAL_TIM_Base_Init  stm32g4xx_hal_tim.o
    0x08002e8e   0x08002e8e   0x00000002   PAD
    0x08002e90   0x08002e90   0x0000006c   Code   RO           71    .text.HAL_TIM_Base_MspInit  tim.o
    0x08002efc   0x08002efc   0x00000092   Code   RO          806    .text.HAL_TIM_Base_Start_IT  stm32g4xx_hal_tim.o
    0x08002f8e   0x08002f8e   0x00000002   PAD
    0x08002f90   0x08002f90   0x000001f6   Code   RO          972    .text.HAL_TIM_ConfigClockSource  stm32g4xx_hal_tim.o
    0x08003186   0x08003186   0x00000002   PAD
    0x08003188   0x08003188   0x00000002   Code   RO          928    .text.HAL_TIM_IC_CaptureCallback  stm32g4xx_hal_tim.o
    0x0800318a   0x0800318a   0x00000002   PAD
    0x0800318c   0x0800318c   0x000001c6   Code   RO          926    .text.HAL_TIM_IRQHandler  stm32g4xx_hal_tim.o
    0x08003352   0x08003352   0x00000002   PAD
    0x08003354   0x08003354   0x00000002   Code   RO          930    .text.HAL_TIM_OC_DelayElapsedCallback  stm32g4xx_hal_tim.o
    0x08003356   0x08003356   0x00000002   PAD
    0x08003358   0x08003358   0x000003cc   Code   RO          946    .text.HAL_TIM_PWM_ConfigChannel  stm32g4xx_hal_tim.o
    0x08003724   0x08003724   0x00000062   Code   RO          846    .text.HAL_TIM_PWM_Init  stm32g4xx_hal_tim.o
    0x08003786   0x08003786   0x00000002   PAD
    0x08003788   0x08003788   0x00000002   Code   RO          848    .text.HAL_TIM_PWM_MspInit  stm32g4xx_hal_tim.o
    0x0800378a   0x0800378a   0x00000002   PAD
    0x0800378c   0x0800378c   0x0000003c   Code   RO           19    .text.HAL_TIM_PWM_PulseFinishedCallback  main.o
    0x080037c8   0x080037c8   0x00000196   Code   RO          858    .text.HAL_TIM_PWM_Start_IT  stm32g4xx_hal_tim.o
    0x0800395e   0x0800395e   0x00000002   PAD
    0x08003960   0x08003960   0x00000270   Code   RO           17    .text.HAL_TIM_PeriodElapsedCallback  main.o
    0x08003bd0   0x08003bd0   0x00000002   Code   RO          936    .text.HAL_TIM_TriggerCallback  stm32g4xx_hal_tim.o
    0x08003bd2   0x08003bd2   0x00000002   PAD
    0x08003bd4   0x08003bd4   0x00000036   Code   RO         1328    .text.HAL_UARTEx_DisableFifoMode  stm32g4xx_hal_uart_ex.o
    0x08003c0a   0x08003c0a   0x00000002   PAD
    0x08003c0c   0x08003c0c   0x00000002   Code   RO         1256    .text.HAL_UARTEx_RxEventCallback  stm32g4xx_hal_uart.o
    0x08003c0e   0x08003c0e   0x00000002   PAD
    0x08003c10   0x08003c10   0x00000002   Code   RO         1314    .text.HAL_UARTEx_RxFifoFullCallback  stm32g4xx_hal_uart_ex.o
    0x08003c12   0x08003c12   0x00000002   PAD
    0x08003c14   0x08003c14   0x00000090   Code   RO         1332    .text.HAL_UARTEx_SetRxFifoThreshold  stm32g4xx_hal_uart_ex.o
    0x08003ca4   0x08003ca4   0x00000090   Code   RO         1330    .text.HAL_UARTEx_SetTxFifoThreshold  stm32g4xx_hal_uart_ex.o
    0x08003d34   0x08003d34   0x00000002   Code   RO         1316    .text.HAL_UARTEx_TxFifoEmptyCallback  stm32g4xx_hal_uart_ex.o
    0x08003d36   0x08003d36   0x00000002   PAD
    0x08003d38   0x08003d38   0x00000002   Code   RO         1312    .text.HAL_UARTEx_WakeupCallback  stm32g4xx_hal_uart_ex.o
    0x08003d3a   0x08003d3a   0x00000002   PAD
    0x08003d3c   0x08003d3c   0x00000002   Code   RO         1254    .text.HAL_UART_ErrorCallback  stm32g4xx_hal_uart.o
    0x08003d3e   0x08003d3e   0x00000002   PAD
    0x08003d40   0x08003d40   0x0000000c   Code   RO         1284    .text.HAL_UART_GetState  stm32g4xx_hal_uart.o
    0x08003d4c   0x08003d4c   0x0000061a   Code   RO         1250    .text.HAL_UART_IRQHandler  stm32g4xx_hal_uart.o
    0x08004366   0x08004366   0x00000002   PAD
    0x08004368   0x08004368   0x00000062   Code   RO         1166    .text.HAL_UART_Init  stm32g4xx_hal_uart.o
    0x080043ca   0x080043ca   0x00000002   PAD
    0x080043cc   0x080043cc   0x00000094   Code   RO           87    .text.HAL_UART_MspInit  usart.o
    0x08004460   0x08004460   0x000000a4   Code   RO         1202    .text.HAL_UART_Receive_IT  stm32g4xx_hal_uart.o
    0x08004504   0x08004504   0x00000072   Code   RO           91    .text.HAL_UART_RxCpltCallback  usart.o
    0x08004576   0x08004576   0x00000002   PAD
    0x08004578   0x08004578   0x000000f0   Code   RO         1186    .text.HAL_UART_Transmit  stm32g4xx_hal_uart.o
    0x08004668   0x08004668   0x00000002   Code   RO         1258    .text.HAL_UART_TxCpltCallback  stm32g4xx_hal_uart.o
    0x0800466a   0x0800466a   0x00000002   PAD
    0x0800466c   0x0800466c   0x00000002   Code   RO          112    .text.HardFault_Handler  stm32g4xx_it.o
    0x0800466e   0x0800466e   0x00000002   PAD
    0x08004670   0x08004670   0x000001bc   Code   RO         1388    .text.LCD_Clear     lcd.o
    0x0800482c   0x0800482c   0x0000004c   Code   RO         1386    .text.LCD_DisplayStringLine  lcd.o
    0x08004878   0x08004878   0x0000016c   Code   RO         1396    .text.LCD_DrawChar  lcd.o
    0x080049e4   0x080049e4   0x0000022e   Code   RO         1374    .text.LCD_Init      lcd.o
    0x08004c12   0x08004c12   0x00000002   PAD
    0x08004c14   0x08004c14   0x00000018   Code   RO         1382    .text.LCD_SetBackColor  lcd.o
    0x08004c2c   0x08004c2c   0x000000dc   Code   RO         1390    .text.LCD_SetCursor  lcd.o
    0x08004d08   0x08004d08   0x00000018   Code   RO         1380    .text.LCD_SetTextColor  lcd.o
    0x08004d20   0x08004d20   0x00000082   Code   RO           48    .text.MX_ADC2_Init  adc.o
    0x08004da2   0x08004da2   0x00000002   PAD
    0x08004da4   0x08004da4   0x00000076   Code   RO           38    .text.MX_GPIO_Init  gpio.o
    0x08004e1a   0x08004e1a   0x00000002   PAD
    0x08004e1c   0x08004e1c   0x000000fe   Code   RO           65    .text.MX_TIM2_Init  tim.o
    0x08004f1a   0x08004f1a   0x00000002   PAD
    0x08004f1c   0x08004f1c   0x00000052   Code   RO           69    .text.MX_TIM6_Init  tim.o
    0x08004f6e   0x08004f6e   0x00000002   PAD
    0x08004f70   0x08004f70   0x0000008c   Code   RO           85    .text.MX_USART1_UART_Init  usart.o
    0x08004ffc   0x08004ffc   0x00000002   Code   RO          114    .text.MemManage_Handler  stm32g4xx_it.o
    0x08004ffe   0x08004ffe   0x00000002   PAD
    0x08005000   0x08005000   0x00000002   Code   RO          110    .text.NMI_Handler   stm32g4xx_it.o
    0x08005002   0x08005002   0x00000002   PAD
    0x08005004   0x08005004   0x00000002   Code   RO          124    .text.PendSV_Handler  stm32g4xx_it.o
    0x08005006   0x08005006   0x00000002   PAD
    0x08005008   0x08005008   0x00000c0c   Code   RO         1368    .text.REG_8230_Init  lcd.o
    0x08005c14   0x08005c14   0x0000174e   Code   RO         1372    .text.REG_932X_Init  lcd.o
    0x08007362   0x08007362   0x00000002   PAD
    0x08007364   0x08007364   0x00000002   Code   RO          120    .text.SVC_Handler   stm32g4xx_it.o
    0x08007366   0x08007366   0x00000002   PAD
    0x08007368   0x08007368   0x00000004   Code   RO          126    .text.SysTick_Handler  stm32g4xx_it.o
    0x0800736c   0x0800736c   0x00000012   Code   RO         1351    .text.SystemInit    system_stm32g4xx.o
    0x0800737e   0x0800737e   0x00000002   PAD
    0x08007380   0x08007380   0x0000000c   Code   RO          130    .text.TIM2_IRQHandler  stm32g4xx_it.o
    0x0800738c   0x0800738c   0x0000000c   Code   RO          134    .text.TIM6_DAC_IRQHandler  stm32g4xx_it.o
    0x08007398   0x08007398   0x00000114   Code   RO          796    .text.TIM_Base_SetConfig  stm32g4xx_hal_tim.o
    0x080074ac   0x080074ac   0x000000e2   Code   RO         1170    .text.UART_AdvFeatureConfig  stm32g4xx_hal_uart.o
    0x0800758e   0x0800758e   0x00000002   PAD
    0x08007590   0x08007590   0x00000166   Code   RO         1174    .text.UART_CheckIdleState  stm32g4xx_hal_uart.o
    0x080076f6   0x080076f6   0x00000002   PAD
    0x080076f8   0x080076f8   0x00000010   Code   RO         1252    .text.UART_DMAAbortOnError  stm32g4xx_hal_uart.o
    0x08007708   0x08007708   0x000001a8   Code   RO         1292    .text.UART_RxISR_16BIT  stm32g4xx_hal_uart.o
    0x080078b0   0x080078b0   0x00000312   Code   RO         1288    .text.UART_RxISR_16BIT_FIFOEN  stm32g4xx_hal_uart.o
    0x08007bc2   0x08007bc2   0x00000002   PAD
    0x08007bc4   0x08007bc4   0x000001ac   Code   RO         1294    .text.UART_RxISR_8BIT  stm32g4xx_hal_uart.o
    0x08007d70   0x08007d70   0x00000316   Code   RO         1290    .text.UART_RxISR_8BIT_FIFOEN  stm32g4xx_hal_uart.o
    0x08008086   0x08008086   0x00000002   PAD
    0x08008088   0x08008088   0x00000284   Code   RO         1172    .text.UART_SetConfig  stm32g4xx_hal_uart.o
    0x0800830c   0x0800830c   0x0000025e   Code   RO         1204    .text.UART_Start_Receive_IT  stm32g4xx_hal_uart.o
    0x0800856a   0x0800856a   0x00000002   PAD
    0x0800856c   0x0800856c   0x000002ea   Code   RO         1188    .text.UART_WaitOnFlagUntilTimeout  stm32g4xx_hal_uart.o
    0x08008856   0x08008856   0x00000002   PAD
    0x08008858   0x08008858   0x0000005c   Code   RO          132    .text.USART1_IRQHandler  stm32g4xx_it.o
    0x080088b4   0x080088b4   0x00000002   Code   RO          118    .text.UsageFault_Handler  stm32g4xx_it.o
    0x080088b6   0x080088b6   0x00000002   PAD
    0x080088b8   0x080088b8   0x00000002   Code   RO           93    .text._sys_exit     usart.o
    0x080088ba   0x080088ba   0x00000002   PAD
    0x080088bc   0x080088bc   0x0000001e   Code   RO           95    .text.fputc         usart.o
    0x080088da   0x080088da   0x00000006   PAD
    0x080088e0   0x080088e0   0x00000050   Code   RO           54    .text.getADC        adc.o
    0x08008930   0x08008930   0x000000a8   Code   RO         1446    .text.led_OFF       led.o
    0x080089d8   0x080089d8   0x000000ac   Code   RO         1444    .text.led_ON        led.o
    0x08008a84   0x08008a84   0x00000098   Code   RO         1442    .text.led_init      led.o
    0x08008b1c   0x08008b1c   0x00000290   Code   RO           11    .text.main          main.o
    0x08008dac   0x08008dac   0x0000003e   Code   RO         1578    CL$$btod_d2e        c_w.l(btod.o)
    0x08008dea   0x08008dea   0x00000046   Code   RO         1580    CL$$btod_d2e_denorm_low  c_w.l(btod.o)
    0x08008e30   0x08008e30   0x00000060   Code   RO         1579    CL$$btod_d2e_norm_op1  c_w.l(btod.o)
    0x08008e90   0x08008e90   0x00000338   Code   RO         1588    CL$$btod_div_common  c_w.l(btod.o)
    0x080091c8   0x080091c8   0x000000dc   Code   RO         1585    CL$$btod_e2e        c_w.l(btod.o)
    0x080092a4   0x080092a4   0x0000002a   Code   RO         1582    CL$$btod_ediv       c_w.l(btod.o)
    0x080092ce   0x080092ce   0x0000002a   Code   RO         1581    CL$$btod_emul       c_w.l(btod.o)
    0x080092f8   0x080092f8   0x00000244   Code   RO         1587    CL$$btod_mult_common  c_w.l(btod.o)
    0x0800953c   0x0800953c   0x00000030   Code   RO         1609    i.__ARM_fpclassify  m_wm.l(fpclassify.o)
    0x0800956c   0x0800956c   0x0000000e   Code   RO         1481    i._is_digit         c_w.l(__printf_wp.o)
    0x0800957a   0x0800957a   0x00000002   PAD
    0x0800957c   0x0800957c   0x0000002c   Code   RO         1603    locale$$code        c_w.l(lc_numeric_c.o)
    0x080095a8   0x080095a8   0x00000150   Code   RO         1502    x$fpl$dadd          fz_wm.l(daddsub_clz.o)
    0x080096f8   0x080096f8   0x00000018   Code   RO         1605    x$fpl$dcmpinf       fz_wm.l(dcmpi.o)
    0x08009710   0x08009710   0x00000078   Code   RO         1536    x$fpl$deqf          fz_wm.l(deqf.o)
    0x08009788   0x08009788   0x00000026   Code   RO         1510    x$fpl$dfltu         fz_wm.l(dflt_clz.o)
    0x080097ae   0x080097ae   0x00000002   PAD
    0x080097b0   0x080097b0   0x00000078   Code   RO         1538    x$fpl$dgeqf         fz_wm.l(dgeqf.o)
    0x08009828   0x08009828   0x00000078   Code   RO         1540    x$fpl$dleqf         fz_wm.l(dleqf.o)
    0x080098a0   0x080098a0   0x00000154   Code   RO         1516    x$fpl$dmul          fz_wm.l(dmul.o)
    0x080099f4   0x080099f4   0x0000009c   Code   RO         1542    x$fpl$dnaninf       fz_wm.l(dnaninf.o)
    0x08009a90   0x08009a90   0x0000000c   Code   RO         1544    x$fpl$dretinf       fz_wm.l(dretinf.o)
    0x08009a9c   0x08009a9c   0x000001dc   Code   RO         1504    x$fpl$dsub          fz_wm.l(daddsub_clz.o)
    0x08009c78   0x08009c78   0x00000054   Code   RO         1508    x$fpl$fcmp          fz_wm.l(dcmp.o)
    0x08009ccc   0x08009ccc   0x0000001a   Code   RO         1691    x$fpl$fpinit        fz_wm.l(fpinit.o)
    0x08009ce6   0x08009ce6   0x00000004   Code   RO         1518    x$fpl$printf1       fz_wm.l(printf1.o)
    0x08009cea   0x08009cea   0x00000000   Code   RO         1546    x$fpl$usenofp       fz_wm.l(usenofp.o)
    0x08009cea   0x08009cea   0x00000002   PAD
    0x08009cec   0x08009cec   0x00000094   Data   RO         1576    .constdata          c_w.l(bigflt0.o)
    0x08009d80   0x08009d80   0x00000010   Data   RO         1356    .rodata.AHBPrescTable  system_stm32g4xx.o
    0x08009d90   0x08009d90   0x00000008   Data   RO         1357    .rodata.APBPrescTable  system_stm32g4xx.o
    0x08009d98   0x08009d98   0x000011d0   Data   RO         1428    .rodata.ASCII_Table  lcd.o
    0x0800af68   0x0800af68   0x00000018   Data   RO         1300    .rodata.UARTPrescTable  stm32g4xx_hal_uart.o
    0x0800af80   0x0800af80   0x00000020   Data   RO         1012    .rodata.cst16       stm32g4xx_hal_tim.o
    0x0800afa0   0x0800afa0   0x00000010   Data   RO         1301    .rodata.cst16       stm32g4xx_hal_uart.o
    0x0800afb0   0x0800afb0   0x00000010   Data   RO         1342    .rodata.cst8        stm32g4xx_hal_uart_ex.o
    0x0800afc0   0x0800afc0   0x0000003e   Data   RO           27    .rodata.str1.1      main.o
    0x0800affe   0x0800affe   0x00000002   PAD
    0x0800b000   0x0800b000   0x00000020   Data   RO         1763    Region$$Table       anon$$obj.o
    0x0800b020   0x0800b020   0x0000001c   Data   RO         1602    locale$$data        c_w.l(lc_numeric_c.o)


    Execution Region RW_IRAM1 (Exec base: 0x20000000, Load base: 0x0800b040, Size: 0x000009a8, Max: 0x00008000, ABSOLUTE)

    Exec Addr    Load Addr    Size         Type   Attr      Idx    E Section Name        Object

    0x20000000   0x0800b040   0x00000002   Data   RW         1431    .data.BackColor     lcd.o
    0x20000002   0x0800b042   0x00000002   PAD
    0x20000004   0x0800b044   0x00000004   Data   RW         1355    .data.SystemCoreClock  system_stm32g4xx.o
    0x20000008   0x0800b048   0x00000004   Data   RW           24    .data.gear          main.o
    0x2000000c   0x0800b04c   0x00000004   Data   RW          360    .data.uwTickFreq    stm32g4xx_hal.o
    0x20000010   0x0800b050   0x00000004   Data   RW          359    .data.uwTickPrio    stm32g4xx_hal.o
    0x20000014   0x0800b054   0x00000004   PAD
    0x20000018        -       0x00000060   Zero   RW         1612    .bss                c_w.l(libspace.o)
    0x20000078        -       0x00000002   Zero   RW         1430    .bss.TextColor      lcd.o
    0x2000007a   0x0800b054   0x00000002   PAD
    0x2000007c        -       0x000000c8   Zero   RW           99    .bss.USART1_RECEIVE_ARRAY  usart.o
    0x20000144        -       0x00000001   Zero   RW          100    .bss.USART1_RECEIVE_DATA  usart.o
    0x20000145   0x0800b054   0x00000001   PAD
    0x20000146        -       0x00000002   Zero   RW           97    .bss.USART1_RECEIVE_STATE  usart.o
    0x20000148        -       0x00000054   Zero   RW          101    .bss.__stdout       usart.o
    0x2000019c        -       0x00000002   Zero   RW         1429    .bss.dummy          lcd.o
    0x2000019e   0x0800b054   0x00000002   PAD
    0x200001a0        -       0x0000006c   Zero   RW           56    .bss.hadc2          adc.o
    0x2000020c        -       0x0000004c   Zero   RW           75    .bss.htim2          tim.o
    0x20000258        -       0x0000004c   Zero   RW           76    .bss.htim6          tim.o
    0x200002a4        -       0x00000094   Zero   RW           98    .bss.huart1         usart.o
    0x20000338        -       0x00000001   Zero   RW         1450    .bss.led_buff       led.o
    0x20000339   0x0800b054   0x00000003   PAD
    0x2000033c        -       0x00000020   Zero   RW         1451    .bss.led_state      led.o
    0x2000035c        -       0x00000004   Zero   RW           23    .bss.mode           main.o
    0x20000360        -       0x00000001   Zero   RW           25    .bss.start_time     main.o
    0x20000361   0x0800b054   0x00000007   PAD
    0x20000368        -       0x00000008   Zero   RW           26    .bss.temp           main.o
    0x20000370        -       0x0000001e   Zero   RW           28    .bss.text           main.o
    0x2000038e   0x0800b054   0x00000002   PAD
    0x20000390        -       0x00000008   Zero   RW           22    .bss.time           main.o
    0x20000398        -       0x00000008   Zero   RW           21    .bss.usart_time     main.o
    0x200003a0        -       0x00000004   Zero   RW          361    .bss.uwTick         stm32g4xx_hal.o
    0x200003a4   0x0800b054   0x00000004   PAD
    0x200003a8        -       0x00000200   Zero   RW            2    HEAP                startup_stm32g431xx.o
    0x200005a8        -       0x00000400   Zero   RW            1    STACK               startup_stm32g431xx.o


==============================================================================

Image component sizes


      Code (inc. data)   RO Data    RW Data    ZI Data      Debug   Object Name

       364         16          0          0        108       9461   adc.o
       118          0          0          0          0       2478   gpio.o
     10760          0       4560          2          4      31845   lcd.o
       492          0          0          0         33       3778   led.o
      1350        120         62          4         59       8750   main.o
        64         26        472          0       1536        856   startup_stm32g431xx.o
       192          0          0          8          4       8881   stm32g4xx_hal.o
      3504          0          0          0          0      26123   stm32g4xx_hal_adc.o
        10          0          0          0          0      22535   stm32g4xx_hal_adc_ex.o
       196          0          0          0          0      10199   stm32g4xx_hal_cortex.o
       236          0          0          0          0       9045   stm32g4xx_hal_dma.o
       434          0          0          0          0       5255   stm32g4xx_hal_gpio.o
        52          0          0          0          0       1763   stm32g4xx_hal_msp.o
       310          0          0          0          0       9609   stm32g4xx_hal_pwr_ex.o
      2162          0          0          0          0       9944   stm32g4xx_hal_rcc.o
       610          0          0          0          0      10483   stm32g4xx_hal_rcc_ex.o
      2960         20         32          0          0      61392   stm32g4xx_hal_tim.o
       180          0          0          0          0      29618   stm32g4xx_hal_tim_ex.o
      7106         46         40          0          0      41367   stm32g4xx_hal_uart.o
       348          0         16          0          0      11147   stm32g4xx_hal_uart_ex.o
       148          0          0          0          0       7506   stm32g4xx_it.o
        18          0         24          4          0       2767   system_stm32g4xx.o
       444          0          0          0        152       9760   tim.o
       434          0          0          0        435       9517   usart.o

    ----------------------------------------------------------------------
     32656        228       5240         20       2356     344079   Object Totals
         0          0         32          0          0          0   (incl. Generated)
       164          0          2          2         25          0   (incl. Padding)

    ----------------------------------------------------------------------

      Code (inc. data)   RO Data    RW Data    ZI Data      Debug   Library Member Name

         8          0          0          0          0         68   __main.o
       352          0          0          0          0         88   __printf_ss_wp.o
        14          0          0          0          0         68   __printf_wp.o
         0          0          0          0          0          0   __rtentry.o
        12          0          0          0          0          0   __rtentry2.o
         6          0          0          0          0          0   __rtentry4.o
        94          8          0          0          0          0   __scatter.o
        26          0          0          0          0          0   __scatter_copy.o
        28          0          0          0          0          0   __scatter_zi.o
        48          6          0          0          0         96   _printf_char_common.o
         6          0          0          0          0          0   _printf_d.o
       120         16          0          0          0         92   _printf_dec.o
         6          0          0          0          0          0   _printf_f.o
      1052          0          0          0          0        148   _printf_fp_dec.o
       128         16          0          0          0         84   _printf_fp_infnan.o
       178          0          0          0          0         88   _printf_intcommon.o
         0          0          0          0          0          0   _printf_percent.o
         4          0          0          0          0          0   _printf_percent_end.o
        10          0          0          0          0         68   _sputc.o
       228          4        148          0          0         96   bigflt0.o
      1936        128          0          0          0        668   btod.o
        18          0          0          0          0         80   exit.o
         6          0          0          0          0        152   heapauxi.o
        44         10         28          0          0         76   lc_numeric_c.o
         2          0          0          0          0          0   libinit.o
        22          0          0          0          0          0   libinit2.o
         2          0          0          0          0          0   libshutdown.o
         2          0          0          0          0          0   libshutdown2.o
         8          4          0          0         96         68   libspace.o
       138          0          0          0          0         80   lludiv10.o
       240          0          0          0          0        100   lludivv7m.o
        40          6          0          0          0         84   noretval__2sprintf.o
        44          4          0          0          0         84   puts.o
         8          4          0          0          0         68   rt_locale_intlibspace.o
        78          0          0          0          0         80   rt_memclr_w.o
         2          0          0          0          0          0   rtexit.o
        10          0          0          0          0          0   rtexit2.o
       124          0          0          0          0         88   strcmpv7em.o
        74          0          0          0          0         80   sys_stackheap_outer.o
       812         16          0          0          0        392   daddsub_clz.o
        84          0          0          0          0        244   dcmp.o
        24          0          0          0          0        116   dcmpi.o
       120          4          0          0          0        140   deqf.o
        38          0          0          0          0        116   dflt_clz.o
       120          4          0          0          0        140   dgeqf.o
       120          4          0          0          0        140   dleqf.o
       340         12          0          0          0        152   dmul.o
       156          4          0          0          0        140   dnaninf.o
        12          0          0          0          0        116   dretinf.o
        26          0          0          0          0        116   fpinit.o
         4          0          0          0          0        116   printf1.o
         0          0          0          0          0          0   usenofp.o
        48          0          0          0          0        124   fpclassify.o

    ----------------------------------------------------------------------
      7044        250        176          0         96       4656   Library Totals
        22          0          0          0          0          0   (incl. Padding)

    ----------------------------------------------------------------------

      Code (inc. data)   RO Data    RW Data    ZI Data      Debug   Library Name

      5118        206        176          0         96       2604   c_w.l
      1856         44          0          0          0       1928   fz_wm.l
        48          0          0          0          0        124   m_wm.l

    ----------------------------------------------------------------------
      7044        250        176          0         96       4656   Library Totals

    ----------------------------------------------------------------------

==============================================================================


      Code (inc. data)   RO Data    RW Data    ZI Data      Debug   

     39700        478       5416         20       2452     345811   Grand Totals
     39700        478       5416         20       2452     345811   ELF Image Totals
     39700        478       5416         20          0          0   ROM Totals

==============================================================================

    Total RO  Size (Code + RO Data)                45116 (  44.06kB)
    Total RW  Size (RW Data + ZI Data)              2472 (   2.41kB)
    Total ROM Size (Code + RO Data + RW Data)      45136 (  44.08kB)

==============================================================================

